Component: ARM Compiler 5.06 update 6 (build 750) Tool: armlink [4d35ed]

==============================================================================

Section Cross References

    exemplotiva.o(.text) refers to llsdiv.o(.text) for __aeabi_ldivmod
    exemplotiva.o(.text) refers to ffixll.o(x$fpl$llsfromf) for __aeabi_f2lz
    exemplotiva.o(.text) refers to cfaf128x128x16.o(.text) for cfaf128x128x16Init
    exemplotiva.o(.text) refers to joy.o(.text) for joy_init
    exemplotiva.o(.text) refers to accel.o(.text) for accel_init
    exemplotiva.o(.text) refers to buzzer.o(.text) for buzzer_init
    exemplotiva.o(.text) refers to buttons.o(.text) for button_init
    exemplotiva.o(.text) refers to mic.o(.text) for mic_init
    exemplotiva.o(.text) refers to rgb.o(.text) for rgb_init
    exemplotiva.o(.text) refers to servo.o(.text) for servo_init
    exemplotiva.o(.text) refers to temp.o(.text) for temp_init
    exemplotiva.o(.text) refers to opt.o(.text) for opt_init
    exemplotiva.o(.text) refers to led.o(.text) for led_init
    exemplotiva.o(.text) refers to circle.o(i.GrCircleDraw) for GrCircleDraw
    exemplotiva.o(.text) refers to circle.o(i.GrCircleFill) for GrCircleFill
    exemplotiva.o(.text) refers to context.o(i.GrContextInit) for GrContextInit
    exemplotiva.o(.text) refers to string.o(i.GrContextFontSet) for GrContextFontSet
    exemplotiva.o(.text) refers to string.o(i.GrStringDraw) for GrStringDraw
    exemplotiva.o(.text) refers to dflt_clz.o(x$fpl$dfltu) for __aeabi_ui2d
    exemplotiva.o(.text) refers to dmul.o(x$fpl$dmul) for __aeabi_dmul
    exemplotiva.o(.text) refers to ddiv.o(x$fpl$ddiv) for __aeabi_ddiv
    exemplotiva.o(.text) refers to d2f.o(x$fpl$d2f) for __aeabi_d2f
    exemplotiva.o(.text) refers to exemplotiva.o(.data) for .data
    exemplotiva.o(.text) refers to exemplotiva.o(.bss) for .bss
    exemplotiva.o(.text) refers to cfaf128x128x16.o(.constdata) for g_sCfaf128x128x16
    exemplotiva.o(.text) refers to fontfixed6x8.o(.constdata) for g_sFontFixed6x8
    exemplotiva.o(.text) refers to dfixu.o(x$fpl$dfixu) for __aeabi_d2uiz
    exemplotiva.o(.text) refers to dflt_clz.o(x$fpl$dflt) for __aeabi_i2d
    exemplotiva.o(.data) refers to exemplotiva.o(.conststring) for .conststring
    buzzer.o(.text) refers to pwm.o(i.PWMClockSet) for PWMClockSet
    buzzer.o(.text) refers to pwm.o(i.PWMOutputState) for PWMOutputState
    buzzer.o(.text) refers to pwm.o(i.PWMGenPeriodGet) for PWMGenPeriodGet
    buzzer.o(.text) refers to pwm.o(i.PWMPulseWidthSet) for PWMPulseWidthSet
    buzzer.o(.text) refers to pwm.o(i.PWMGenPeriodSet) for PWMGenPeriodSet
    buzzer.o(.text) refers to sysctl.o(i.SysCtlPeripheralEnable) for SysCtlPeripheralEnable
    buzzer.o(.text) refers to sysctl.o(i.SysCtlPeripheralReady) for SysCtlPeripheralReady
    buzzer.o(.text) refers to gpio.o(i.GPIOPinTypePWM) for GPIOPinTypePWM
    buzzer.o(.text) refers to gpio.o(i.GPIOPinConfigure) for GPIOPinConfigure
    buzzer.o(.text) refers to pwm.o(i.PWMGenConfigure) for PWMGenConfigure
    buzzer.o(.text) refers to pwm.o(i.PWMOutputInvert) for PWMOutputInvert
    buzzer.o(.text) refers to pwm.o(i.PWMGenEnable) for PWMGenEnable
    buzzer.o(.text) refers to buzzer.o(.data) for .data
    accel.o(.text) refers to sysctl.o(i.SysCtlPeripheralEnable) for SysCtlPeripheralEnable
    accel.o(.text) refers to adc.o(i.ADCSequenceStepConfigure) for ADCSequenceStepConfigure
    accel.o(.text) refers to gpio.o(i.GPIOPinTypeADC) for GPIOPinTypeADC
    accel.o(.text) refers to adc.o(i.ADCSequenceConfigure) for ADCSequenceConfigure
    accel.o(.text) refers to adc.o(i.ADCSequenceEnable) for ADCSequenceEnable
    accel.o(.text) refers to adc.o(i.ADCIntClear) for ADCIntClear
    accel.o(.text) refers to adc.o(i.ADCProcessorTrigger) for ADCProcessorTrigger
    accel.o(.text) refers to adc.o(i.ADCIntStatus) for ADCIntStatus
    accel.o(.text) refers to adc.o(i.ADCSequenceDataGet) for ADCSequenceDataGet
    buttons.o(.text) refers to sysctl.o(i.SysCtlPeripheralEnable) for SysCtlPeripheralEnable
    buttons.o(.text) refers to sysctl.o(i.SysCtlPeripheralReady) for SysCtlPeripheralReady
    buttons.o(.text) refers to gpio.o(i.GPIOPinTypeGPIOInput) for GPIOPinTypeGPIOInput
    buttons.o(.text) refers to gpio.o(i.GPIOPinRead) for GPIOPinRead
    cfaf128x128x16.o(.text) refers to cfaf128x128x16.o(.data) for .data
    cfaf128x128x16.o(.text) refers to sysctl.o(i.SysCtlClockFreqSet) for SysCtlClockFreqSet
    cfaf128x128x16.o(.constdata) refers to cfaf128x128x16.o(.text) for cfaf128x128x16PixelDraw
    led.o(.text) refers to led.o(.constdata) for .constdata
    mic.o(.text) refers to sysctl.o(i.SysCtlPeripheralEnable) for SysCtlPeripheralEnable
    mic.o(.text) refers to adc.o(i.ADCSequenceStepConfigure) for ADCSequenceStepConfigure
    mic.o(.text) refers to gpio.o(i.GPIOPinTypeADC) for GPIOPinTypeADC
    mic.o(.text) refers to adc.o(i.ADCSequenceConfigure) for ADCSequenceConfigure
[...]
    .data                                    0x20000074   Section        4  rt_time.o(.data)
    .data                                    0x20000078   Section        8  rt_robin.o(.data)
    .data                                    0x20000080   Section        1  hal_cm.o(.data)
    vtable                                   0x20000400   Section      620  interrupt.o(vtable)
    g_pfnRAMVectors                          0x20000400   Data         620  interrupt.o(vtable)
    .bss                                     0x2000066c   Section       44  exemplotiva.o(.bss)
    .bss                                     0x20000698   Section       32  rtx_conf_cm.o(.bss)
    .bss                                     0x200006b8   Section      480  rtx_conf_cm.o(.bss)
    .bss                                     0x20000898   Section     6416  rtx_conf_cm.o(.bss)
    .bss                                     0x200021a8   Section     1032  rtx_conf_cm.o(.bss)
    .bss                                     0x200025b0   Section      132  rtx_conf_cm.o(.bss)
    .bss                                     0x20002634   Section       36  rtx_conf_cm.o(.bss)
    .bss                                     0x20002658   Section      992  rtx_conf_cm.o(.bss)
    std_libspace                             0x20002658   Data         864  rtx_conf_cm.o(.bss)
    std_libmutex                             0x200029b8   Data         128  rtx_conf_cm.o(.bss)
    .bss                                     0x20002a38   Section       52  rt_task.o(.bss)
    .bss                                     0x20002a6c   Section       48  rt_list.o(.bss)
    .bss                                     0x20002a9c   Section       96  libspace.o(.bss)
    HEAP                                     0x20002b00   Section        0  startup_tm4c129.o(HEAP)
    STACK                                    0x20002b00   Section      512  startup_tm4c129.o(STACK)
    Heap_Mem                                 0x20002b00   Data           0  startup_tm4c129.o(HEAP)
    Stack_Mem                                0x20002b00   Data         512  startup_tm4c129.o(STACK)
    __initial_sp                             0x20002d00   Data           0  startup_tm4c129.o(STACK)

    Global Symbols

    Symbol Name                              Value     Ov Type        Size  Object(Section)

    BuildAttributes$$THM_ISAv4$E$P$D$K$B$S$7EM$VFPi3$EXTD16$VFPS$VFMA$PE$A:L22UL41UL21$X:L11$S22US41US21$IEEE1$IW$USESV6$~STKCKD$USESV7$~SHL$OTIME$ROPI$EBA8$UX$STANDARDLIB$REQ8$PRES8$EABIv2 0x00000000   Number         0  anon$$obj.o ABSOLUTE
    __ARM_use_no_argv                        0x00000000   Number         0  exemplotiva.o ABSOLUTE
    __Vectors                                0x00000000   Data           4  startup_tm4c129.o(RESET)
    __ARM_exceptions_init                     - Undefined Weak Reference
    __alloca_initialize                       - Undefined Weak Reference
    __arm_preinit_                            - Undefined Weak Reference
    __cpp_initialize__aeabi_                  - Undefined Weak Reference
    __cxa_finalize                            - Undefined Weak Reference
    __rt_locale                               - Undefined Weak Reference
    __sigvec_lookup                           - Undefined Weak Reference
    _atexit_init                              - Undefined Weak Reference
    _call_atexit_fns                          - Undefined Weak Reference
    _clock_init                               - Undefined Weak Reference
    _fp_trap_init                             - Undefined Weak Reference
    _fp_trap_shutdown                         - Undefined Weak Reference
    _get_lc_collate                           - Undefined Weak Reference
    _get_lc_ctype                             - Undefined Weak Reference
    _get_lc_monetary                          - Undefined Weak Reference
    _get_lc_numeric                           - Undefined Weak Reference
    _get_lc_time                              - Undefined Weak Reference
    _getenv_init                              - Undefined Weak Reference
    _handle_redirection                       - Undefined Weak Reference
    _init_alloc                               - Undefined Weak Reference
    _init_user_alloc                          - Undefined Weak Reference
    _initio                                   - Undefined Weak Reference
    _rand_init                                - Undefined Weak Reference
    _signal_finish                            - Undefined Weak Reference
    _signal_init                              - Undefined Weak Reference
    _terminate_alloc                          - Undefined Weak Reference
    _terminate_user_alloc                     - Undefined Weak Reference
    _terminateio                              - Undefined Weak Reference
    __Vectors_End                            0x00000200   Data           0  startup_tm4c129.o(RESET)
    __Vectors_Size                           0x00000200   Number         0  startup_tm4c129.o ABSOLUTE
    __main                                   0x00000201   Thumb Code     8  __main.o(!!!main)
    __scatterload                            0x00000209   Thumb Code     0  __scatter.o(!!!scatter)
    __scatterload_rt2                        0x00000209   Thumb Code    44  __scatter.o(!!!scatter)
    __scatterload_rt2_thumb_only             0x00000209   Thumb Code     0  __scatter.o(!!!scatter)
    __scatterload_null                       0x00000217   Thumb Code     0  __scatter.o(!!!scatter)
    __decompress                             0x0000023d   Thumb Code    58  __dczerorl.o(!!dczerorl)
    __decompress0                            0x0000023d   Thumb Code     0  __dczerorl.o(!!dczerorl)
    __scatterload_zeroinit                   0x00000279   Thumb Code    28  __scatter_zi.o(!!handler_zi)
    __rt_lib_init                            0x00000295   Thumb Code     0  libinit.o(.ARM.Collect$$libinit$$00000000)
    __rt_lib_init_fp_1                       0x00000297   Thumb Code     0  libinit2.o(.ARM.Collect$$libinit$$00000001)
    __rt_lib_init_alloca_1                   0x0000029b   Thumb Code     0  libinit2.o(.ARM.Collect$$libinit$$0000002E)
    __rt_lib_init_argv_1                     0x0000029b   Thumb Code     0  libinit2.o(.ARM.Collect$$libinit$$0000002C)
    __rt_lib_init_atexit_1                   0x0000029b   Thumb Code     0  libinit2.o(.ARM.Collect$$libinit$$0000001B)
    __rt_lib_init_clock_1                    0x0000029b   Thumb Code     0  libinit2.o(.ARM.Collect$$libinit$$00000021)
    __rt_lib_init_cpp_1                      0x0000029b   Thumb Code     0  libinit2.o(.ARM.Collect$$libinit$$00000032)
    __rt_lib_init_exceptions_1               0x0000029b   Thumb Code     0  libinit2.o(.ARM.Collect$$libinit$$00000030)
    __rt_lib_init_fp_trap_1                  0x0000029b   Thumb Code     0  libinit2.o(.ARM.Collect$$libinit$$0000001F)
    __rt_lib_init_getenv_1                   0x0000029b   Thumb Code     0  libinit2.o(.ARM.Collect$$libinit$$00000023)
    __rt_lib_init_heap_1                     0x0000029b   Thumb Code     0  libinit2.o(.ARM.Collect$$libinit$$0000000A)
    __rt_lib_init_lc_collate_1               0x0000029b   Thumb Code     0  libinit2.o(.ARM.Collect$$libinit$$00000011)
    __rt_lib_init_lc_ctype_1                 0x0000029b   Thumb Code     0  libinit2.o(.ARM.Collect$$libinit$$00000013)
    __rt_lib_init_lc_monetary_1              0x0000029b   Thumb Code     0  libinit2.o(.ARM.Collect$$libinit$$00000015)
    __rt_lib_init_lc_numeric_1               0x0000029b   Thumb Code     0  libinit2.o(.ARM.Collect$$libinit$$00000017)
    __rt_lib_init_lc_time_1                  0x0000029b   Thumb Code     0  libinit2.o(.ARM.Collect$$libinit$$00000019)
    __rt_lib_init_preinit_1                  0x0000029b   Thumb Code     0  libinit2.o(.ARM.Collect$$libinit$$00000004)
    __rt_lib_init_rand_1                     0x0000029b   Thumb Code     0  libinit2.o(.ARM.Collect$$libinit$$0000000E)
    __rt_lib_init_return                     0x0000029b   Thumb Code     0  libinit2.o(.ARM.Collect$$libinit$$00000033)
    __rt_lib_init_signal_1                   0x0000029b   Thumb Code     0  libinit2.o(.ARM.Collect$$libinit$$0000001D)
    __rt_lib_init_stdio_1                    0x0000029b   Thumb Code     0  libinit2.o(.ARM.Collect$$libinit$$00000025)
    __rt_lib_init_user_alloc_1               0x0000029b   Thumb Code     0  libinit2.o(.ARM.Collect$$libinit$$0000000C)
    __rt_lib_shutdown                        0x0000029d   Thumb Code     0  libshutdown.o(.ARM.Collect$$libshutdown$$00000000)
    __rt_lib_shutdown_cpp_1                  0x0000029f   Thumb Code     0  libshutdown2.o(.ARM.Collect$$libshutdown$$00000002)
    __rt_lib_shutdown_fp_trap_1              0x0000029f   Thumb Code     0  libshutdown2.o(.ARM.Collect$$libshutdown$$00000007)
    __rt_lib_shutdown_heap_1                 0x0000029f   Thumb Code     0  libshutdown2.o(.ARM.Collect$$libshutdown$$0000000F)
    __rt_lib_shutdown_return                 0x0000029f   Thumb Code     0  libshutdown2.o(.ARM.Collect$$libshutdown$$00000010)
    __rt_lib_shutdown_signal_1               0x0000029f   Thumb Code     0  libshutdown2.o(.ARM.Collect$$libshutdown$$0000000A)
    __rt_lib_shutdown_stdio_1                0x0000029f   Thumb Code     0  libshutdown2.o(.ARM.Collect$$libshutdown$$00000004)
    __rt_lib_shutdown_user_alloc_1           0x0000029f   Thumb Code     0  libshutdown2.o(.ARM.Collect$$libshutdown$$0000000C)
    __rt_entry                               0x000002a1   Thumb Code     0  __rtentry.o(.ARM.Collect$$rtentry$$00000000)
    __rt_entry_presh_1                       0x000002a1   Thumb Code     0  __rtentry2.o(.ARM.Collect$$rtentry$$00000002)
    __rt_entry_sh                            0x000002a1   Thumb Code     0  __rtentry4.o(.ARM.Collect$$rtentry$$00000004)
    __rt_entry_li                            0x000002a7   Thumb Code     0  __rtentry2.o(.ARM.Collect$$rtentry$$0000000A)
    __rt_entry_postsh_1                      0x000002a7   Thumb Code     0  __rtentry2.o(.ARM.Collect$$rtentry$$00000009)
    __rt_entry_postli_1                      0x000002ab   Thumb Code     0  __rtentry2.o(.ARM.Collect$$rtentry$$0000000B)
    __rt_entry_main                          0x000002b3   Thumb Code     0  __rtentry2.o(.ARM.Collect$$rtentry$$0000000D)
    __rt_exit                                0x000002bb   Thumb Code     0  rtexit.o(.ARM.Collect$$rtexit$$00000000)
    __rt_exit_ls                             0x000002bd   Thumb Code     0  rtexit2.o(.ARM.Collect$$rtexit$$00000003)
    __rt_exit_prels_1                        0x000002bd   Thumb Code     0  rtexit2.o(.ARM.Collect$$rtexit$$00000002)
    __rt_exit_exit                           0x000002c1   Thumb Code     0  rtexit2.o(.ARM.Collect$$rtexit$$00000004)
    _platform_post_lib_init                  0x000002c9   Thumb Code    24  rtx_conf_cm.o(.emb_text)
    SysCtlDelay                              0x000002e5   Thumb Code     6  sysctl.o(.emb_text)
    rt_set_PSP                               0x000002ed   Thumb Code     6  hal_cm4.o(.emb_text)
    rt_get_PSP                               0x000002f3   Thumb Code     6  hal_cm4.o(.emb_text)
    os_set_env                               0x000002f9   Thumb Code    24  hal_cm4.o(.emb_text)
    _alloc_box                               0x00000315   Thumb Code    28  hal_cm4.o(.emb_text)
    _free_box                                0x00000335   Thumb Code    28  hal_cm4.o(.emb_text)
    SVC_Handler                              0x00000355   Thumb Code   168  hal_cm4.o(.emb_text)
    PendSV_Handler                           0x0000040d   Thumb Code    96  hal_cm4.o(.emb_text)
    SysTick_Handler                          0x00000471   Thumb Code     8  hal_cm4.o(.emb_text)
    OS_Tick_Handler                          0x00000479   Thumb Code    12  hal_cm4.o(.emb_text)
    __RL_RTX_VER                             0x00000482   Number         0  rt_system.o ABSOLUTE
    init_all                                 0x00000603   Thumb Code    50  exemplotiva.o(.text)
    draw_circle                              0x00000635   Thumb Code    40  exemplotiva.o(.text)
    fill_circle                              0x0000065d   Thumb Code    42  exemplotiva.o(.text)
    init_sidelong_menu                       0x00000687   Thumb Code   282  exemplotiva.o(.text)
    saturate                                 0x000007a1   Thumb Code   114  exemplotiva.o(.text)
    Switch_On                                0x00000813   Thumb Code    10  exemplotiva.o(.text)
    Switch_Off                               0x0000081d   Thumb Code    10  exemplotiva.o(.text)
    main                                     0x00000827   Thumb Code  1618  exemplotiva.o(.text)
    buzzer_write                             0x00000ec9   Thumb Code    14  buzzer.o(.text)
    buzzer_vol_set                           0x00000ed7   Thumb Code    54  buzzer.o(.text)
    buzzer_per_set                           0x00000f0d   Thumb Code    48  buzzer.o(.text)
    buzzer_init                              0x00000f3d   Thumb Code   120  buzzer.o(.text)
    accel_init                               0x00000fd1   Thumb Code    18  accel.o(.text)
    accel_read_x                             0x0000104b   Thumb Code     8  accel.o(.text)
    accel_read_y                             0x00001053   Thumb Code     8  accel.o(.text)
    accel_read_z                             0x0000105b   Thumb Code     8  accel.o(.text)
    button_init                              0x00001075   Thumb Code    42  buttons.o(.text)
    button_read_s1                           0x0000109f   Thumb Code    20  buttons.o(.text)
    button_read_s2                           0x000010b3   Thumb Code    20  buttons.o(.text)
    cfaf128x128x16Rect                       0x00001261   Thumb Code   100  cfaf128x128x16.o(.text)
    cfaf128x128x16LineVer                    0x000012c5   Thumb Code    22  cfaf128x128x16.o(.text)
    cfaf128x128x16LineHor                    0x000012db   Thumb Code    16  cfaf128x128x16.o(.text)
    cfaf128x128x16Dot                        0x000012eb   Thumb Code    22  cfaf128x128x16.o(.text)
    cfaf128x128x16SetOrientation             0x00001545   Thumb Code    70  cfaf128x128x16.o(.text)
    cfaf128x128x16ClearColor                 0x0000158b   Thumb Code    36  cfaf128x128x16.o(.text)
    cfaf128x128x16Clear                      0x000015af   Thumb Code     4  cfaf128x128x16.o(.text)
    InitSSICom                               0x000015b3   Thumb Code   138  cfaf128x128x16.o(.text)
    cfaf128x128x16Init                       0x0000163d   Thumb Code   322  cfaf128x128x16.o(.text)
    led_init                                 0x000017cd   Thumb Code    52  led.o(.text)
    led_on                                   0x00001801   Thumb Code    80  led.o(.text)
    led_off                                  0x00001851   Thumb Code    80  led.o(.text)
    led_write                                0x000018a1   Thumb Code    38  led.o(.text)
    mic_init                                 0x000018e9   Thumb Code    18  mic.o(.text)
    mic_read                                 0x00001963   Thumb Code     8  mic.o(.text)
    opt_read                                 0x00001d4b   Thumb Code     4  opt.o(.text)
    opt_read_lux                             0x00001d71   Thumb Code    82  opt.o(.text)
    opt_init                                 0x00001dc3   Thumb Code   244  opt.o(.text)
    rgb_write_r                              0x00001eed   Thumb Code    82  rgb.o(.text)
    rgb_write_g                              0x00001f3f   Thumb Code    82  rgb.o(.text)
    rgb_write_b                              0x00001f91   Thumb Code    82  rgb.o(.text)
    rgb_write                                0x00001fe3   Thumb Code    24  rgb.o(.text)
    rgb_write_color                          0x00001ffb   Thumb Code    12  rgb.o(.text)
    rgb_init                                 0x00002007   Thumb Code   272  rgb.o(.text)
    servo_write                              0x00002141   Thumb Code    26  servo.o(.text)
    servo_init                               0x0000215b   Thumb Code   164  servo.o(.text)
    joy_init                                 0x00002225   Thumb Code    46  joy.o(.text)
    joy_read_center                          0x000022bb   Thumb Code    20  joy.o(.text)
    joy_read_x                               0x000022cf   Thumb Code     8  joy.o(.text)
    joy_read_y                               0x000022d7   Thumb Code     8  joy.o(.text)
    temp_read                                0x000026c3   Thumb Code    12  temp.o(.text)
    temp_read_voltage                        0x000026cf   Thumb Code    22  temp.o(.text)
    temp_init                                0x000026ff   Thumb Code   230  temp.o(.text)
    os_idle_demon                            0x00002819   Thumb Code     2  rtx_conf_cm.o(.text)
    os_error                                 0x0000281b   Thumb Code     2  rtx_conf_cm.o(.text)
    __user_perthread_libspace                0x0000281d   Thumb Code    32  rtx_conf_cm.o(.text)
    _mutex_initialize                        0x0000283d   Thumb Code    34  rtx_conf_cm.o(.text)
    _mutex_acquire                           0x0000285f   Thumb Code    22  rtx_conf_cm.o(.text)
    _mutex_release                           0x00002875   Thumb Code    18  rtx_conf_cm.o(.text)
    Reset_Handler                            0x000028a5   Thumb Code     8  startup_tm4c129.o(.text)
    NMI_Handler                              0x000028ad   Thumb Code     2  startup_tm4c129.o(.text)
    HardFault_Handler                        0x000028af   Thumb Code     2  startup_tm4c129.o(.text)
    MemManage_Handler                        0x000028b1   Thumb Code     2  startup_tm4c129.o(.text)
    BusFault_Handler                         0x000028b3   Thumb Code     2  startup_tm4c129.o(.text)
    UsageFault_Handler                       0x000028b5   Thumb Code     2  startup_tm4c129.o(.text)
    DebugMon_Handler                         0x000028b9   Thumb Code     2  startup_tm4c129.o(.text)
    GPIOA_Handler                            0x000028bf   Thumb Code     2  startup_tm4c129.o(.text)
    GPIOB_Handler                            0x000028c1   Thumb Code     2  startup_tm4c129.o(.text)
    GPIOC_Handler                            0x000028c3   Thumb Code     2  startup_tm4c129.o(.text)
    GPIOD_Handler                            0x000028c5   Thumb Code     2  startup_tm4c129.o(.text)
    GPIOE_Handler                            0x000028c7   Thumb Code     2  startup_tm4c129.o(.text)
    UART0_Handler                            0x000028c9   Thumb Code     2  startup_tm4c129.o(.text)
    UART1_Handler                            0x000028cb   Thumb Code     2  startup_tm4c129.o(.text)
    SSI0_Handler                             0x000028cd   Thumb Code     2  startup_tm4c129.o(.text)
    I2C0_Handler                             0x000028cf   Thumb Code     2  startup_tm4c129.o(.text)
    PMW0_FAULT_Handler                       0x000028d1   Thumb Code     2  startup_tm4c129.o(.text)
    PWM0_0_Handler                           0x000028d3   Thumb Code     2  startup_tm4c129.o(.text)
    PWM0_1_Handler                           0x000028d5   Thumb Code     2  startup_tm4c129.o(.text)
    PWM0_2_Handler                           0x000028d7   Thumb Code     2  startup_tm4c129.o(.text)
    QEI0_Handler                             0x000028d9   Thumb Code     2  startup_tm4c129.o(.text)
    ADC0SS0_Handler                          0x000028db   Thumb Code     2  startup_tm4c129.o(.text)
    ADC0SS1_Handler                          0x000028dd   Thumb Code     2  startup_tm4c129.o(.text)
    ADC0SS2_Handler                          0x000028df   Thumb Code     2  startup_tm4c129.o(.text)
    ADC0SS3_Handler                          0x000028e1   Thumb Code     2  startup_tm4c129.o(.text)
    WDT0_Handler                             0x000028e3   Thumb Code     2  startup_tm4c129.o(.text)
    TIMER0A_Handler                          0x000028e5   Thumb Code     2  startup_tm4c129.o(.text)
    TIMER0B_Handler                          0x000028e7   Thumb Code     2  startup_tm4c129.o(.text)
    TIMER1A_Handler                          0x000028e9   Thumb Code     2  startup_tm4c129.o(.text)
    TIMER1B_Handler                          0x000028eb   Thumb Code     2  startup_tm4c129.o(.text)
    TIMER2A_Handler                          0x000028ed   Thumb Code     2  startup_tm4c129.o(.text)
    TIMER2B_Handler                          0x000028ef   Thumb Code     2  startup_tm4c129.o(.text)
    COMP0_Handler                            0x000028f1   Thumb Code     2  startup_tm4c129.o(.text)
    COMP1_Handler                            0x000028f3   Thumb Code     2  startup_tm4c129.o(.text)
    COMP2_Handler                            0x000028f5   Thumb Code     2  startup_tm4c129.o(.text)
    SYSCTL_Handler                           0x000028f7   Thumb Code     2  startup_tm4c129.o(.text)
    FLASH_Handler                            0x000028f9   Thumb Code     2  startup_tm4c129.o(.text)
    GPIOF_Handler                            0x000028fb   Thumb Code     2  startup_tm4c129.o(.text)
    GPIOG_Handler                            0x000028fd   Thumb Code     2  startup_tm4c129.o(.text)
    GPIOH_Handler                            0x000028ff   Thumb Code     2  startup_tm4c129.o(.text)
    UART2_Handler                            0x00002901   Thumb Code     2  startup_tm4c129.o(.text)
    SSI1_Handler                             0x00002903   Thumb Code     2  startup_tm4c129.o(.text)
    TIMER3A_Handler                          0x00002905   Thumb Code     2  startup_tm4c129.o(.text)
    TIMER3B_Handler                          0x00002907   Thumb Code     2  startup_tm4c129.o(.text)
    I2C1_Handler                             0x00002909   Thumb Code     2  startup_tm4c129.o(.text)
    CAN0_Handler                             0x0000290b   Thumb Code     2  startup_tm4c129.o(.text)
    CAN1_Handler                             0x0000290d   Thumb Code     2  startup_tm4c129.o(.text)
    ETH_Handler                              0x0000290f   Thumb Code     2  startup_tm4c129.o(.text)
    HIB_Handler                              0x00002911   Thumb Code     2  startup_tm4c129.o(.text)
    USB0_Handler                             0x00002913   Thumb Code     2  startup_tm4c129.o(.text)
    PWM0_3_Handler                           0x00002915   Thumb Code     2  startup_tm4c129.o(.text)
    UDMA_Handler                             0x00002917   Thumb Code     2  startup_tm4c129.o(.text)
    UDMAERR_Handler                          0x00002919   Thumb Code     2  startup_tm4c129.o(.text)
    ADC1SS0_Handler                          0x0000291b   Thumb Code     2  startup_tm4c129.o(.text)
    ADC1SS1_Handler                          0x0000291d   Thumb Code     2  startup_tm4c129.o(.text)
    ADC1SS2_Handler                          0x0000291f   Thumb Code     2  startup_tm4c129.o(.text)
    ADC1SS3_Handler                          0x00002921   Thumb Code     2  startup_tm4c129.o(.text)
    EBI0_Handler                             0x00002923   Thumb Code     2  startup_tm4c129.o(.text)
    GPIOJ_Handler                            0x00002925   Thumb Code     2  startup_tm4c129.o(.text)
    GPIOK_Handler                            0x00002927   Thumb Code     2  startup_tm4c129.o(.text)
    GPIOL_Handler                            0x00002929   Thumb Code     2  startup_tm4c129.o(.text)
    SSI2_Handler                             0x0000292b   Thumb Code     2  startup_tm4c129.o(.text)
    SSI3_Handler                             0x0000292d   Thumb Code     2  startup_tm4c129.o(.text)
    UART3_Handler                            0x0000292f   Thumb Code     2  startup_tm4c129.o(.text)
    UART4_Handler                            0x00002931   Thumb Code     2  startup_tm4c129.o(.text)
    UART5_Handler                            0x00002933   Thumb Code     2  startup_tm4c129.o(.text)
    UART6_Handler                            0x00002935   Thumb Code     2  startup_tm4c129.o(.text)
    UART7_Handler                            0x00002937   Thumb Code     2  startup_tm4c129.o(.text)
    I2C2_Handler                             0x00002939   Thumb Code     2  startup_tm4c129.o(.text)
    I2C3_Handler                             0x0000293b   Thumb Code     2  startup_tm4c129.o(.text)
    TIMER4A_Handler                          0x0000293d   Thumb Code     2  startup_tm4c129.o(.text)
    TIMER4B_Handler                          0x0000293f   Thumb Code     2  startup_tm4c129.o(.text)
    TIMER5A_Handler                          0x00002941   Thumb Code     2  startup_tm4c129.o(.text)
    TIMER5B_Handler                          0x00002943   Thumb Code     2  startup_tm4c129.o(.text)
    WTIMER0A_Handler                         0x00002945   Thumb Code     2  startup_tm4c129.o(.text)
    WTIMER0B_Handler                         0x00002947   Thumb Code     2  startup_tm4c129.o(.text)
    WTIMER1A_Handler                         0x00002949   Thumb Code     2  startup_tm4c129.o(.text)
    WTIMER1B_Handler                         0x0000294b   Thumb Code     2  startup_tm4c129.o(.text)
    WTIMER2A_Handler                         0x0000294d   Thumb Code     2  startup_tm4c129.o(.text)
    WTIMER2B_Handler                         0x0000294f   Thumb Code     2  startup_tm4c129.o(.text)
    WTIMER3A_Handler                         0x00002951   Thumb Code     2  startup_tm4c129.o(.text)
    WTIMER3B_Handler                         0x00002953   Thumb Code     2  startup_tm4c129.o(.text)
    WTIMER4A_Handler                         0x00002955   Thumb Code     2  startup_tm4c129.o(.text)
    WTIMER4B_Handler                         0x00002957   Thumb Code     2  startup_tm4c129.o(.text)
    WTIMER5A_Handler                         0x00002959   Thumb Code     2  startup_tm4c129.o(.text)
    WTIMER5B_Handler                         0x0000295b   Thumb Code     2  startup_tm4c129.o(.text)
    FPU_Handler                              0x0000295d   Thumb Code     2  startup_tm4c129.o(.text)
    I2C4_Handler                             0x0000295f   Thumb Code     2  startup_tm4c129.o(.text)
    I2C5_Handler                             0x00002961   Thumb Code     2  startup_tm4c129.o(.text)
    GPIOM_Handler                            0x00002963   Thumb Code     2  startup_tm4c129.o(.text)
    GPION_Handler                            0x00002965   Thumb Code     2  startup_tm4c129.o(.text)
    TAMPER_Handler                           0x00002967   Thumb Code     2  startup_tm4c129.o(.text)
    GPIOP0_Handler                           0x00002969   Thumb Code     2  startup_tm4c129.o(.text)
    GPIOP1_Handler                           0x0000296b   Thumb Code     2  startup_tm4c129.o(.text)
    GPIOP2_Handler                           0x0000296d   Thumb Code     2  startup_tm4c129.o(.text)
    GPIOP3_Handler                           0x0000296f   Thumb Code     2  startup_tm4c129.o(.text)
    GPIOP4_Handler                           0x00002971   Thumb Code     2  startup_tm4c129.o(.text)
    GPIOP5_Handler                           0x00002973   Thumb Code     2  startup_tm4c129.o(.text)
    GPIOP6_Handler                           0x00002975   Thumb Code     2  startup_tm4c129.o(.text)
    GPIOP7_Handler                           0x00002977   Thumb Code     2  startup_tm4c129.o(.text)
    GPIOQ0_Handler                           0x00002979   Thumb Code     2  startup_tm4c129.o(.text)
    GPIOQ1_Handler                           0x0000297b   Thumb Code     2  startup_tm4c129.o(.text)
    GPIOQ2_Handler                           0x0000297d   Thumb Code     2  startup_tm4c129.o(.text)
    GPIOQ3_Handler                           0x0000297f   Thumb Code     2  startup_tm4c129.o(.text)
    GPIOQ4_Handler                           0x00002981   Thumb Code     2  startup_tm4c129.o(.text)
    GPIOQ5_Handler                           0x00002983   Thumb Code     2  startup_tm4c129.o(.text)
    GPIOQ6_Handler                           0x00002985   Thumb Code     2  startup_tm4c129.o(.text)
    GPIOQ7_Handler                           0x00002987   Thumb Code     2  startup_tm4c129.o(.text)
    GPIOR_Handler                            0x00002989   Thumb Code     2  startup_tm4c129.o(.text)
    GPIOS_Handler                            0x0000298b   Thumb Code     2  startup_tm4c129.o(.text)
    SHAMD5_Handler                           0x0000298d   Thumb Code     2  startup_tm4c129.o(.text)
    AES_Handler                              0x0000298f   Thumb Code     2  startup_tm4c129.o(.text)
    DES3DES_Handler                          0x00002991   Thumb Code     2  startup_tm4c129.o(.text)
    LCDCONTROLLER_Handler                    0x00002993   Thumb Code     2  startup_tm4c129.o(.text)
    TIMER6A_Handler                          0x00002995   Thumb Code     2  startup_tm4c129.o(.text)
    TIMER6B_Handler                          0x00002997   Thumb Code     2  startup_tm4c129.o(.text)
    TIMER7A_Handler                          0x00002999   Thumb Code     2  startup_tm4c129.o(.text)
    TIMER7B_Handler                          0x0000299b   Thumb Code     2  startup_tm4c129.o(.text)
    I2C6_Handler                             0x0000299d   Thumb Code     2  startup_tm4c129.o(.text)
    I2C7_Handler                             0x0000299f   Thumb Code     2  startup_tm4c129.o(.text)
    HIMSCANKEYBOARD_Handler                  0x000029a1   Thumb Code     2  startup_tm4c129.o(.text)
    ONEWIRE_Handler                          0x000029a3   Thumb Code     2  startup_tm4c129.o(.text)
    HIMPS2_Handler                           0x000029a5   Thumb Code     2  startup_tm4c129.o(.text)
    HIMLEDSEQUENCER_Handler                  0x000029a7   Thumb Code     2  startup_tm4c129.o(.text)
    HIMCONSUMERIR_Handler                    0x000029a9   Thumb Code     2  startup_tm4c129.o(.text)
    I2C8_Handler                             0x000029ab   Thumb Code     2  startup_tm4c129.o(.text)
    I2C9_Handler                             0x000029ad   Thumb Code     2  startup_tm4c129.o(.text)
    GPIOT_Handler                            0x000029af   Thumb Code     2  startup_tm4c129.o(.text)
    __user_initial_stackheap                 0x000029b1   Thumb Code     0  startup_tm4c129.o(.text)
    SystemCoreClockUpdate                    0x000029d1   Thumb Code     8  system_tm4c129.o(.text)
    SystemInit                               0x000029d9   Thumb Code    18  system_tm4c129.o(.text)
    __user_libspace                          0x000029f9   Thumb Code     8  libspace.o(.text)
    __user_perproc_libspace                  0x000029f9   Thumb Code     0  libspace.o(.text)
    __aeabi_uldivmod                         0x00002a01   Thumb Code     0  lludivv7m.o(.text)
    _ll_udiv                                 0x00002a01   Thumb Code   238  lludivv7m.o(.text)
    __aeabi_ldivmod                          0x00002aef   Thumb Code     0  llsdiv.o(.text)
    _ll_sdiv                                 0x00002aef   Thumb Code    72  llsdiv.o(.text)
    exit                                     0x00002b37   Thumb Code    18  exit.o(.text)
    __use_two_region_memory                  0x00002b49   Thumb Code     2  heapauxi.o(.text)
    __rt_heap_escrow$2region                 0x00002b4b   Thumb Code     2  heapauxi.o(.text)
    __rt_heap_expand$2region                 0x00002b4d   Thumb Code     2  heapauxi.o(.text)
    _sys_exit                                0x00002b51   Thumb Code     8  sys_exit.o(.text)
    __user_setup_stackheap                   0x00002b5d   Thumb Code    74  sys_stackheap_outer.o(.text)
    __I$use$semihosting                      0x00002ba7   Thumb Code     0  use_no_semi.o(.text)
    __use_no_semihosting_swi                 0x00002ba7   Thumb Code     2  use_no_semi.o(.text)
    SVC_Count                                0x00002ba8   Data           4  svc_table.o(SVC_TABLE)
    __semihosting_library_function           0x00002ba9   Thumb Code     0  indicate_semi.o(.text)
    ADCIntClear                              0x00002bad   Thumb Code    10  adc.o(i.ADCIntClear)
    SVC_Table                                0x00002bac   Data           0  svc_table.o(SVC_TABLE)
    ADCIntStatus                             0x00002bb7   Thumb Code    52  adc.o(i.ADCIntStatus)
    ADCProcessorTrigger                      0x00002beb   Thumb Code    26  adc.o(i.ADCProcessorTrigger)
    ADCSequenceConfigure                     0x00002c05   Thumb Code    96  adc.o(i.ADCSequenceConfigure)
    ADCSequenceDataGet                       0x00002c65   Thumb Code    36  adc.o(i.ADCSequenceDataGet)
    ADCSequenceEnable                        0x00002c89   Thumb Code    14  adc.o(i.ADCSequenceEnable)
    ADCSequenceStepConfigure                 0x00002c97   Thumb Code   154  adc.o(i.ADCSequenceStepConfigure)
    GPIODirModeSet                           0x00002d31   Thumb Code    40  gpio.o(i.GPIODirModeSet)
    GPIOPadConfigSet                         0x00002d59   Thumb Code   312  gpio.o(i.GPIOPadConfigSet)
    GPIOPinConfigure                         0x00002e91   Thumb Code    60  gpio.o(i.GPIOPinConfigure)
    GPIOPinRead                              0x00002ed5   Thumb Code     6  gpio.o(i.GPIOPinRead)
    GPIOPinTypeADC                           0x00002edb   Thumb Code    28  gpio.o(i.GPIOPinTypeADC)
    GPIOPinTypeGPIOInput                     0x00002ef7   Thumb Code    28  gpio.o(i.GPIOPinTypeGPIOInput)
    GPIOPinTypeI2C                           0x00002f13   Thumb Code    28  gpio.o(i.GPIOPinTypeI2C)
    GPIOPinTypeI2CSCL                        0x00002f2f   Thumb Code    28  gpio.o(i.GPIOPinTypeI2CSCL)
    GPIOPinTypePWM                           0x00002f4b   Thumb Code    28  gpio.o(i.GPIOPinTypePWM)
    GPIOPinTypeTimer                         0x00002f67   Thumb Code    28  gpio.o(i.GPIOPinTypeTimer)
    GrCircleDraw                             0x00002f83   Thumb Code   514  circle.o(i.GrCircleDraw)
    GrCircleFill                             0x00003185   Thumb Code   294  circle.o(i.GrCircleFill)
    GrContextFontSet                         0x000032ab   Thumb Code     6  string.o(i.GrContextFontSet)
    GrContextInit                            0x000032b1   Thumb Code    88  context.o(i.GrContextInit)
    GrDefaultStringRenderer                  0x00003315   Thumb Code   280  string.o(i.GrDefaultStringRenderer)
    GrFontGlyphDataGet                       0x0000342d   Thumb Code   166  string.o(i.GrFontGlyphDataGet)
    GrFontGlyphRender                        0x000034d3   Thumb Code   648  string.o(i.GrFontGlyphRender)
    GrLineDrawH                              0x0000375b   Thumb Code    76  line.o(i.GrLineDrawH)
    GrMapISO8859_1_Unicode                   0x000037a7   Thumb Code     8  charmap.o(i.GrMapISO8859_1_Unicode)
    GrStringDraw                             0x000037af   Thumb Code    32  string.o(i.GrStringDraw)
    I2CIntRegister                           0x000037d1   Thumb Code    80  i2c.o(i.I2CIntRegister)
    I2CMasterBurstLengthSet                  0x00003831   Thumb Code     4  i2c.o(i.I2CMasterBurstLengthSet)
    I2CMasterBusBusy                         0x00003835   Thumb Code    12  i2c.o(i.I2CMasterBusBusy)
    I2CMasterBusy                            0x00003841   Thumb Code    12  i2c.o(i.I2CMasterBusy)
    I2CMasterControl                         0x0000384d   Thumb Code     4  i2c.o(i.I2CMasterControl)
    I2CMasterDataGet                         0x00003851   Thumb Code     4  i2c.o(i.I2CMasterDataGet)
    I2CMasterDataPut                         0x00003855   Thumb Code     4  i2c.o(i.I2CMasterDataPut)
    I2CMasterEnable                          0x00003859   Thumb Code    10  i2c.o(i.I2CMasterEnable)
    I2CMasterErr                             0x00003863   Thumb Code    24  i2c.o(i.I2CMasterErr)
    I2CMasterGlitchFilterConfigSet           0x0000387d   Thumb Code    74  i2c.o(i.I2CMasterGlitchFilterConfigSet)
    I2CMasterInitExpClk                      0x000038d1   Thumb Code    72  i2c.o(i.I2CMasterInitExpClk)
    I2CMasterIntClear                        0x00003925   Thumb Code     8  i2c.o(i.I2CMasterIntClear)
    I2CMasterIntClearEx                      0x0000392d   Thumb Code     4  i2c.o(i.I2CMasterIntClearEx)
    I2CMasterIntEnableEx                     0x00003931   Thumb Code     8  i2c.o(i.I2CMasterIntEnableEx)
    I2CMasterSlaveAddrSet                    0x00003939   Thumb Code     8  i2c.o(i.I2CMasterSlaveAddrSet)
    I2CMasterTimeoutSet                      0x00003941   Thumb Code     4  i2c.o(i.I2CMasterTimeoutSet)
    IntEnable                                0x00003945   Thumb Code    92  interrupt.o(i.IntEnable)
    IntRegister                              0x000039a9   Thumb Code    44  interrupt.o(i.IntRegister)
    PWMClockSet                              0x000039dd   Thumb Code    20  pwm.o(i.PWMClockSet)
    PWMGenConfigure                          0x000039f1   Thumb Code    38  pwm.o(i.PWMGenConfigure)
    PWMGenDisable                            0x00003a17   Thumb Code    10  pwm.o(i.PWMGenDisable)
    PWMGenEnable                             0x00003a21   Thumb Code    10  pwm.o(i.PWMGenEnable)
    PWMGenPeriodGet                          0x00003a2b   Thumb Code    18  pwm.o(i.PWMGenPeriodGet)
    PWMGenPeriodSet                          0x00003a3d   Thumb Code    18  pwm.o(i.PWMGenPeriodSet)
    PWMOutputInvert                          0x00003a4f   Thumb Code    16  pwm.o(i.PWMOutputInvert)
    PWMOutputState                           0x00003a5f   Thumb Code    16  pwm.o(i.PWMOutputState)
    PWMPulseWidthSet                         0x00003a6f   Thumb Code    32  pwm.o(i.PWMPulseWidthSet)
    SysCtlClockFreqSet                       0x00003a91   Thumb Code   706  sysctl.o(i.SysCtlClockFreqSet)
    SysCtlPeripheralEnable                   0x00003d7d   Thumb Code    36  sysctl.o(i.SysCtlPeripheralEnable)
    SysCtlPeripheralReady                    0x00003da5   Thumb Code    40  sysctl.o(i.SysCtlPeripheralReady)
    SysCtlPeripheralReset                    0x00003dd1   Thumb Code    56  sysctl.o(i.SysCtlPeripheralReset)
    TimerClockSourceSet                      0x00003e0d   Thumb Code     6  timer.o(i.TimerClockSourceSet)
    TimerConfigure                           0x00003e15   Thumb Code    88  timer.o(i.TimerConfigure)
    TimerControlLevel                        0x00003e75   Thumb Code    22  timer.o(i.TimerControlLevel)
    TimerEnable                              0x00003e8b   Thumb Code    14  timer.o(i.TimerEnable)
    TimerLoadSet                             0x00003e99   Thumb Code    18  timer.o(i.TimerLoadSet)
    TimerMatchSet                            0x00003eab   Thumb Code    18  timer.o(i.TimerMatchSet)
    TimerPrescaleSet                         0x00003ebd   Thumb Code    18  timer.o(i.TimerPrescaleSet)
    TimerUpdateMode                          0x00003ecf   Thumb Code    42  timer.o(i.TimerUpdateMode)
    _init_box                                0x00003f65   Thumb Code    70  rt_membox.o(i._init_box)
    dbg_init                                 0x00003fad   Thumb Code    34  hal_cm.o(i.dbg_init)
    dbg_task_notify                          0x00003fdd   Thumb Code    32  hal_cm.o(i.dbg_task_notify)
    dbg_task_switch                          0x00003ffd   Thumb Code    16  hal_cm.o(i.dbg_task_switch)
    isrMessageGet                            0x0000400d   Thumb Code    42  rt_cmsis.o(i.isrMessageGet)
    isrMessagePut                            0x00004037   Thumb Code    44  rt_cmsis.o(i.isrMessagePut)
    isr_mbx_receive                          0x00004065   Thumb Code    86  rt_mailbox.o(i.isr_mbx_receive)
    isr_mbx_send                             0x000040bb   Thumb Code    14  rt_mailbox.o(i.isr_mbx_send)
    osKernelInitialize                       0x000040c9   Thumb Code    30  rt_cmsis.o(i.osKernelInitialize)
    osKernelStart                            0x000040ed   Thumb Code    98  rt_cmsis.o(i.osKernelStart)
    osMessageGet                             0x00004159   Thumb Code    18  rt_cmsis.o(i.osMessageGet)
    osThreadCreate                           0x00004171   Thumb Code    36  rt_cmsis.o(i.osThreadCreate)
    osThreadExit                             0x0000419d   Thumb Code    14  rt_cmsis.o(i.osThreadExit)
    osTimerCall                              0x000041b5   Thumb Code     8  rt_cmsis.o(i.osTimerCall)
    osTimerThread                            0x000041c1   Thumb Code    38  rt_cmsis.o(i.osTimerThread)
    os_tick_init                             0x000041ed   Thumb Code    32  rt_system.o(i.os_tick_init)
    os_tick_irqack                           0x00004215   Thumb Code     2  rt_system.o(i.os_tick_irqack)
    rt_alloc_box                             0x00004217   Thumb Code    26  rt_membox.o(i.rt_alloc_box)
    rt_alloc_mem                             0x00004231   Thumb Code    62  rt_memory.o(i.rt_alloc_mem)
    rt_block                                 0x00004271   Thumb Code    48  rt_task.o(i.rt_block)
    rt_chk_robin                             0x000042a9   Thumb Code    60  rt_robin.o(i.rt_chk_robin)
    rt_dec_dly                               0x000042f1   Thumb Code   102  rt_list.o(i.rt_dec_dly)
    rt_dispatch                              0x00004361   Thumb Code    60  rt_task.o(i.rt_dispatch)
    rt_evt_psh                               0x000043a5   Thumb Code    76  rt_event.o(i.rt_evt_psh)
    rt_free_box                              0x000043f5   Thumb Code    44  rt_membox.o(i.rt_free_box)
    rt_free_mem                              0x00004421   Thumb Code    40  rt_memory.o(i.rt_free_mem)
    rt_get_first                             0x00004449   Thumb Code    40  rt_list.o(i.rt_get_first)
    rt_init_mem                              0x000044c1   Thumb Code    26  rt_memory.o(i.rt_init_mem)
    rt_init_robin                            0x000044dd   Thumb Code    14  rt_robin.o(i.rt_init_robin)
    rt_init_stack                            0x000044f5   Thumb Code   118  hal_cm.o(i.rt_init_stack)
    rt_mbx_check                             0x00004575   Thumb Code     8  rt_mailbox.o(i.rt_mbx_check)
    rt_mbx_init                              0x0000457d   Thumb Code    26  rt_mailbox.o(i.rt_mbx_init)
    rt_mbx_psh                               0x00004599   Thumb Code   236  rt_mailbox.o(i.rt_mbx_psh)
    rt_mbx_wait                              0x00004689   Thumb Code   174  rt_mailbox.o(i.rt_mbx_wait)
    rt_mut_init                              0x00004781   Thumb Code    16  rt_mutex.o(i.rt_mut_init)
    rt_mut_release                           0x00004791   Thumb Code   208  rt_mutex.o(i.rt_mut_release)
    rt_mut_wait                              0x00004869   Thumb Code   114  rt_mutex.o(i.rt_mut_wait)
    rt_pop_req                               0x000048e1   Thumb Code   112  rt_system.o(i.rt_pop_req)
    rt_psh_req                               0x0000495d   Thumb Code    22  rt_system.o(i.rt_psh_req)
    rt_psq_enq                               0x0000497d   Thumb Code    88  rt_list.o(i.rt_psq_enq)
    rt_put_dly                               0x000049d9   Thumb Code    68  rt_list.o(i.rt_put_dly)
    rt_put_prio                              0x00004a21   Thumb Code    54  rt_list.o(i.rt_put_prio)
    rt_put_rdy_first                         0x00004a59   Thumb Code    14  rt_list.o(i.rt_put_rdy_first)
    rt_resort_prio                           0x00004a6d   Thumb Code    46  rt_list.o(i.rt_resort_prio)
    rt_ret_val                               0x00004ab1   Thumb Code    12  hal_cm.o(i.rt_ret_val)
    rt_ret_val2                              0x00004abd   Thumb Code    16  hal_cm.o(i.rt_ret_val2)
    rt_rmv_dly                               0x00004acd   Thumb Code    40  rt_list.o(i.rt_rmv_dly)
    rt_rmv_list                              0x00004af5   Thumb Code    44  rt_list.o(i.rt_rmv_list)
    rt_sem_psh                               0x00004b25   Thumb Code    48  rt_semaphore.o(i.rt_sem_psh)
    rt_stk_check                             0x00004b59   Thumb Code    28  rt_system.o(i.rt_stk_check)
    rt_switch_req                            0x00004b7d   Thumb Code    30  rt_task.o(i.rt_switch_req)
    rt_sys_init                              0x00004ba5   Thumb Code   138  rt_task.o(i.rt_sys_init)
    rt_sys_start                             0x00004c71   Thumb Code   110  rt_task.o(i.rt_sys_start)
    rt_systick                               0x00004ce9   Thumb Code    50  rt_system.o(i.rt_systick)
    rt_tsk_create                            0x00004d71   Thumb Code   118  rt_task.o(i.rt_tsk_create)
    rt_tsk_delete                            0x00004df9   Thumb Code   352  rt_task.o(i.rt_tsk_delete)
    rt_tsk_prio                              0x00004f75   Thumb Code   108  rt_task.o(i.rt_tsk_prio)
    rt_tsk_self                              0x00004ff1   Thumb Code    12  rt_task.o(i.rt_tsk_self)
    svcKernelInitialize                      0x00005001   Thumb Code    80  rt_cmsis.o(i.svcKernelInitialize)
    svcKernelStart                           0x00005071   Thumb Code    62  rt_cmsis.o(i.svcKernelStart)
    svcMessageCreate                         0x000050b9   Thumb Code    36  rt_cmsis.o(i.svcMessageCreate)
    svcMessageGet                            0x000050dd   Thumb Code    58  rt_cmsis.o(i.svcMessageGet)
    svcThreadCreate                          0x00005119   Thumb Code    96  rt_cmsis.o(i.svcThreadCreate)
    svcThreadGetId                           0x00005185   Thumb Code    22  rt_cmsis.o(i.svcThreadGetId)
    svcThreadTerminate                       0x000051a1   Thumb Code    50  rt_cmsis.o(i.svcThreadTerminate)
    svcTimerCall                             0x000051d9   Thumb Code    24  rt_cmsis.o(i.svcTimerCall)
    sysTimerTick                             0x000051f1   Thumb Code    84  rt_cmsis.o(i.sysTimerTick)
    __aeabi_d2f                              0x0000524d   Thumb Code     0  d2f.o(x$fpl$d2f)
    _d2f                                     0x0000524d   Thumb Code    98  d2f.o(x$fpl$d2f)
    __aeabi_ddiv                             0x000052b1   Thumb Code     0  ddiv.o(x$fpl$ddiv)
    _ddiv                                    0x000052b1   Thumb Code   552  ddiv.o(x$fpl$ddiv)
    __aeabi_d2uiz                            0x00005561   Thumb Code     0  dfixu.o(x$fpl$dfixu)
    _dfixu                                   0x00005561   Thumb Code    90  dfixu.o(x$fpl$dfixu)
    __aeabi_i2d                              0x000055bb   Thumb Code     0  dflt_clz.o(x$fpl$dflt)
    _dflt                                    0x000055bb   Thumb Code    46  dflt_clz.o(x$fpl$dflt)
    __aeabi_ui2d                             0x000055e9   Thumb Code     0  dflt_clz.o(x$fpl$dfltu)
    _dfltu                                   0x000055e9   Thumb Code    38  dflt_clz.o(x$fpl$dfltu)
    __aeabi_dmul                             0x00005611   Thumb Code     0  dmul.o(x$fpl$dmul)
    _dmul                                    0x00005611   Thumb Code   332  dmul.o(x$fpl$dmul)
    __fpl_dnaninf                            0x00005765   Thumb Code   156  dnaninf.o(x$fpl$dnaninf)
    __fpl_dretinf                            0x00005801   Thumb Code    12  dretinf.o(x$fpl$dretinf)
    __fpl_fnaninf                            0x0000580d   Thumb Code   140  fnaninf.o(x$fpl$fnaninf)
    _fp_init                                 0x00005899   Thumb Code    10  fpinit.o(x$fpl$fpinit)
    __fplib_config_fpu_vfp                   0x000058a1   Thumb Code     0  fpinit.o(x$fpl$fpinit)
    __fplib_config_pureend_doubles           0x000058a1   Thumb Code     0  fpinit.o(x$fpl$fpinit)
    __fpl_fretinf                            0x000058a3   Thumb Code    10  fretinf.o(x$fpl$fretinf)
    __aeabi_f2lz                             0x000058ad   Thumb Code     0  ffixll.o(x$fpl$llsfromf)
    _ll_sfrom_f                              0x000058ad   Thumb Code   134  ffixll.o(x$fpl$llsfromf)
    __I$use$fp                               0x00005932   Number         0  usenofp.o(x$fpl$usenofp)
    g_sCfaf128x128x16                        0x00005934   Data          40  cfaf128x128x16.o(.constdata)
    led_mask                                 0x0000595c   Data          16  led.o(.constdata)
    os_maxtaskrun                            0x0000596c   Data           2  rtx_conf_cm.o(.constdata)
    os_stackinfo                             0x00005970   Data           4  rtx_conf_cm.o(.constdata)
    os_rrobin                                0x00005974   Data           4  rtx_conf_cm.o(.constdata)
    os_trv                                   0x00005978   Data           4  rtx_conf_cm.o(.constdata)
    os_flags                                 0x0000597c   Data           1  rtx_conf_cm.o(.constdata)
    CMSIS_RTOS_API_Version                   0x00005980   Data           4  rtx_conf_cm.o(.constdata)
    CMSIS_RTOS_RTX_Version                   0x00005984   Data           4  rtx_conf_cm.o(.constdata)
    os_clockrate                             0x00005988   Data           4  rtx_conf_cm.o(.constdata)
    os_timernum                              0x0000598c   Data           4  rtx_conf_cm.o(.constdata)
    mp_tcb_size                              0x00005990   Data           2  rtx_conf_cm.o(.constdata)
    mp_stk_size                              0x00005994   Data           4  rtx_conf_cm.o(.constdata)
    os_stack_sz                              0x00005998   Data           4  rtx_conf_cm.o(.constdata)
    os_fifo_size                             0x0000599c   Data           1  rtx_conf_cm.o(.constdata)
    os_thread_def_osTimerThread              0x000059a0   Data          16  rtx_conf_cm.o(.constdata)
    os_messageQ_def_osTimerMessageQ          0x000059b0   Data           8  rtx_conf_cm.o(.constdata)
    mp_tmr_size                              0x000059b8   Data           2  rtx_conf_cm.o(.constdata)
    os_thread_def_main                       0x000059bc   Data          16  rtx_conf_cm.o(.constdata)
    g_psDefaultCodePointMapTable             0x00005fd4   Data          16  context.o(.constdata)
    g_sFontFixed6x8                          0x000062dc   Data         200  fontfixed6x8.o(.constdata)
    Region$$Table$$Base                      0x000063cc   Number         0  anon$$obj.o(Region$$Table)
    Region$$Table$$Limit                     0x000063ec   Number         0  anon$$obj.o(Region$$Table)
    m_tmr                                    0x20000044   Data           4  rtx_conf_cm.o(.data)
    osThreadId_osTimerThread                 0x20000048   Data           4  rtx_conf_cm.o(.data)
    osMessageQId_osTimerMessageQ             0x2000004c   Data           4  rtx_conf_cm.o(.data)
    SystemCoreClock                          0x20000054   Data           4  system_tm4c129.o(.data)
    os_initialized                           0x2000005c   Data           1  rt_cmsis.o(.data)
    os_running                               0x2000005d   Data           1  rt_cmsis.o(.data)
    os_timer_head                            0x20000060   Data           4  rt_cmsis.o(.data)
    os_tsk                                   0x20000064   Data           8  rt_task.o(.data)
    os_tick_irqn                             0x20000070   Data           4  rt_system.o(.data)
    os_time                                  0x20000074   Data           4  rt_time.o(.data)
    os_robin                                 0x20000078   Data           8  rt_robin.o(.data)
    dbg_msg                                  0x20000080   Data           1  hal_cm.o(.data)
    sContext                                 0x2000066c   Data          44  exemplotiva.o(.bss)
    os_messageQ_q_osTimerMessageQ            0x20000698   Data          32  rtx_conf_cm.o(.bss)
    mp_tcb                                   0x200006b8   Data         480  rtx_conf_cm.o(.bss)
    mp_stk                                   0x20000898   Data        6416  rtx_conf_cm.o(.bss)
    os_stack_mem                             0x200021a8   Data        1032  rtx_conf_cm.o(.bss)
    os_fifo                                  0x200025b0   Data         132  rtx_conf_cm.o(.bss)
    os_active_TCB                            0x20002634   Data          36  rtx_conf_cm.o(.bss)
    os_idle_TCB                              0x20002a38   Data          52  rt_task.o(.bss)
    os_rdy                                   0x20002a6c   Data          24  rt_list.o(.bss)
    os_dly                                   0x20002a84   Data          24  rt_list.o(.bss)
    __libspace_start                         0x20002a9c   Data          96  libspace.o(.bss)
    __temporary_stack_top$libspace           0x20002afc   Data           0  libspace.o(.bss)



==============================================================================

Memory Map of the image

  Image Entry point : 0x00000201

  Load Region LR_IROM1 (Base: 0x00000000, Size: 0x00006a58, Max: 0x00100000, ABSOLUTE, COMPRESSED[0x00006404])

    Execution Region ER_IROM1 (Exec base: 0x00000000, Load base: 0x00000000, Size: 0x000063ec, Max: 0x00100000, ABSOLUTE)

    Exec Addr    Load Addr    Size         Type   Attr      Idx    E Section Name        Object

    0x00000000   0x00000000   0x00000200   Data   RO          427    RESET               startup_tm4c129.o
    0x00000200   0x00000200   0x00000008   Code   RO         3935  * !!!main             c_w.l(__main.o)
    0x00000208   0x00000208   0x00000034   Code   RO         4129    !!!scatter          c_w.l(__scatter.o)
    0x0000023c   0x0000023c   0x0000003a   Code   RO         4127    !!dczerorl          c_w.l(__dczerorl.o)
    0x00000276   0x00000276   0x00000002   PAD
    0x00000278   0x00000278   0x0000001c   Code   RO         4131    !!handler_zi        c_w.l(__scatter_zi.o)
    0x00000294   0x00000294   0x00000002   Code   RO         4013    .ARM.Collect$$libinit$$00000000  c_w.l(libinit.o)
    0x00000296   0x00000296   0x00000004   Code   RO         4024    .ARM.Collect$$libinit$$00000001  c_w.l(libinit2.o)
    0x0000029a   0x0000029a   0x00000000   Code   RO         4027    .ARM.Collect$$libinit$$00000004  c_w.l(libinit2.o)
    0x0000029a   0x0000029a   0x00000000   Code   RO         4030    .ARM.Collect$$libinit$$0000000A  c_w.l(libinit2.o)
    0x0000029a   0x0000029a   0x00000000   Code   RO         4032    .ARM.Collect$$libinit$$0000000C  c_w.l(libinit2.o)
    0x0000029a   0x0000029a   0x00000000   Code   RO         4034    .ARM.Collect$$libinit$$0000000E  c_w.l(libinit2.o)
    0x0000029a   0x0000029a   0x00000000   Code   RO         4037    .ARM.Collect$$libinit$$00000011  c_w.l(libinit2.o)
    0x0000029a   0x0000029a   0x00000000   Code   RO         4039    .ARM.Collect$$libinit$$00000013  c_w.l(libinit2.o)
    0x0000029a   0x0000029a   0x00000000   Code   RO         4041    .ARM.Collect$$libinit$$00000015  c_w.l(libinit2.o)
    0x0000029a   0x0000029a   0x00000000   Code   RO         4043    .ARM.Collect$$libinit$$00000017  c_w.l(libinit2.o)
    0x0000029a   0x0000029a   0x00000000   Code   RO         4045    .ARM.Collect$$libinit$$00000019  c_w.l(libinit2.o)
    0x0000029a   0x0000029a   0x00000000   Code   RO         4047    .ARM.Collect$$libinit$$0000001B  c_w.l(libinit2.o)
    0x0000029a   0x0000029a   0x00000000   Code   RO         4049    .ARM.Collect$$libinit$$0000001D  c_w.l(libinit2.o)
    0x0000029a   0x0000029a   0x00000000   Code   RO         4051    .ARM.Collect$$libinit$$0000001F  c_w.l(libinit2.o)
    0x0000029a   0x0000029a   0x00000000   Code   RO         4053    .ARM.Collect$$libinit$$00000021  c_w.l(libinit2.o)
    0x0000029a   0x0000029a   0x00000000   Code   RO         4055    .ARM.Collect$$libinit$$00000023  c_w.l(libinit2.o)
    0x0000029a   0x0000029a   0x00000000   Code   RO         4057    .ARM.Collect$$libinit$$00000025  c_w.l(libinit2.o)
    0x0000029a   0x0000029a   0x00000000   Code   RO         4061    .ARM.Collect$$libinit$$0000002C  c_w.l(libinit2.o)
    0x0000029a   0x0000029a   0x00000000   Code   RO         4063    .ARM.Collect$$libinit$$0000002E  c_w.l(libinit2.o)
    0x0000029a   0x0000029a   0x00000000   Code   RO         4065    .ARM.Collect$$libinit$$00000030  c_w.l(libinit2.o)
    0x0000029a   0x0000029a   0x00000000   Code   RO         4067    .ARM.Collect$$libinit$$00000032  c_w.l(libinit2.o)
    0x0000029a   0x0000029a   0x00000002   Code   RO         4068    .ARM.Collect$$libinit$$00000033  c_w.l(libinit2.o)
    0x0000029c   0x0000029c   0x00000002   Code   RO         4014    .ARM.Collect$$libshutdown$$00000000  c_w.l(libshutdown.o)
    0x0000029e   0x0000029e   0x00000000   Code   RO         4070    .ARM.Collect$$libshutdown$$00000002  c_w.l(libshutdown2.o)
    0x0000029e   0x0000029e   0x00000000   Code   RO         4072    .ARM.Collect$$libshutdown$$00000004  c_w.l(libshutdown2.o)
    0x0000029e   0x0000029e   0x00000000   Code   RO         4075    .ARM.Collect$$libshutdown$$00000007  c_w.l(libshutdown2.o)
    0x0000029e   0x0000029e   0x00000000   Code   RO         4078    .ARM.Collect$$libshutdown$$0000000A  c_w.l(libshutdown2.o)
    0x0000029e   0x0000029e   0x00000000   Code   RO         4080    .ARM.Collect$$libshutdown$$0000000C  c_w.l(libshutdown2.o)
    0x0000029e   0x0000029e   0x00000000   Code   RO         4083    .ARM.Collect$$libshutdown$$0000000F  c_w.l(libshutdown2.o)
    0x0000029e   0x0000029e   0x00000002   Code   RO         4084    .ARM.Collect$$libshutdown$$00000010  c_w.l(libshutdown2.o)
    0x000002a0   0x000002a0   0x00000000   Code   RO         3959    .ARM.Collect$$rtentry$$00000000  c_w.l(__rtentry.o)
    0x000002a0   0x000002a0   0x00000000   Code   RO         3976    .ARM.Collect$$rtentry$$00000002  c_w.l(__rtentry2.o)
    0x000002a0   0x000002a0   0x00000006   Code   RO         3988    .ARM.Collect$$rtentry$$00000004  c_w.l(__rtentry4.o)
    0x000002a6   0x000002a6   0x00000000   Code   RO         3978    .ARM.Collect$$rtentry$$00000009  c_w.l(__rtentry2.o)
    0x000002a6   0x000002a6   0x00000004   Code   RO         3979    .ARM.Collect$$rtentry$$0000000A  c_w.l(__rtentry2.o)
    0x000002aa   0x000002aa   0x00000008   Code   RO         3980    .ARM.Collect$$rtentry$$0000000B  c_w.l(__rtentry2.o)
    0x000002b2   0x000002b2   0x00000008   Code   RO         3982    .ARM.Collect$$rtentry$$0000000D  c_w.l(__rtentry2.o)
    0x000002ba   0x000002ba   0x00000002   Code   RO         3960    .ARM.Collect$$rtexit$$00000000  c_w.l(rtexit.o)
    0x000002bc   0x000002bc   0x00000000   Code   RO         3991    .ARM.Collect$$rtexit$$00000002  c_w.l(rtexit2.o)
    0x000002bc   0x000002bc   0x00000004   Code   RO         3992    .ARM.Collect$$rtexit$$00000003  c_w.l(rtexit2.o)
    0x000002c0   0x000002c0   0x00000006   Code   RO         3993    .ARM.Collect$$rtexit$$00000004  c_w.l(rtexit2.o)
    0x000002c6   0x000002c6   0x00000002   PAD
    0x000002c8   0x000002c8   0x0000001c   Code   RO          371    .emb_text           rtx_conf_cm.o
    0x000002e4   0x000002e4   0x00000006   Code   RO         1733    .emb_text           driverlib.lib(sysctl.o)
    0x000002ea   0x000002ea   0x00000002   PAD
    0x000002ec   0x000002ec   0x00000198   Code   RO         3909    .emb_text           RTX_CM4.lib(hal_cm4.o)
    0x00000484   0x00000484   0x000009f8   Code   RO            4    .text               exemplotiva.o
    0x00000e7c   0x00000e7c   0x00000154   Code   RO          107    .text               buzzer.o
    0x00000fd0   0x00000fd0   0x000000a4   Code   RO          145    .text               accel.o
    0x00001074   0x00001074   0x0000005c   Code   RO          163    .text               buttons.o
    0x000010d0   0x000010d0   0x000006fc   Code   RO          178    .text               cfaf128x128x16.o
    0x000017cc   0x000017cc   0x0000011c   Code   RO          218    .text               led.o
    0x000018e8   0x000018e8   0x00000094   Code   RO          245    .text               mic.o
    0x0000197c   0x0000197c   0x00000570   Code   RO          257    .text               opt.o
    0x00001eec   0x00001eec   0x00000254   Code   RO          286    .text               rgb.o
    0x00002140   0x00002140   0x000000e4   Code   RO          300    .text               servo.o
    0x00002224   0x00002224   0x000000d0   Code   RO          317    .text               joy.o
    0x000022f4   0x000022f4   0x00000524   Code   RO          329    .text               temp.o
    0x00002818   0x00002818   0x0000008c   Code   RO          372    .text               rtx_conf_cm.o
    0x000028a4   0x000028a4   0x0000012c   Code   RO          428    .text               startup_tm4c129.o
    0x000029d0   0x000029d0   0x00000028   Code   RO          435    .text               system_tm4c129.o
    0x000029f8   0x000029f8   0x00000008   Code   RO         3924    .text               c_w.l(libspace.o)
    0x00002a00   0x00002a00   0x000000ee   Code   RO         3927    .text               c_w.l(lludivv7m.o)
    0x00002aee   0x00002aee   0x00000048   Code   RO         3929    .text               c_w.l(llsdiv.o)
    0x00002b36   0x00002b36   0x00000012   Code   RO         3931    .text               c_w.l(exit.o)
    0x00002b48   0x00002b48   0x00000006   Code   RO         3933    .text               c_w.l(heapauxi.o)
    0x00002b4e   0x00002b4e   0x00000002   PAD
    0x00002b50   0x00002b50   0x0000000c   Code   RO         3999    .text               c_w.l(sys_exit.o)
    0x00002b5c   0x00002b5c   0x0000004a   Code   RO         4001    .text               c_w.l(sys_stackheap_outer.o)
    0x00002ba6   0x00002ba6   0x00000002   Code   RO         4015    .text               c_w.l(use_no_semi.o)
    0x00002ba8   0x00002ba8   0x00000000   Code   RO         4017    .text               c_w.l(indicate_semi.o)
    0x00002ba8   0x00002ba8   0x00000004   Code   RO         3919    SVC_TABLE           RTX_CM4.lib(svc_table.o)
    0x00002bac   0x00002bac   0x0000000a   Code   RO          473    i.ADCIntClear       driverlib.lib(adc.o)
    0x00002bb6   0x00002bb6   0x00000034   Code   RO          480    i.ADCIntStatus      driverlib.lib(adc.o)
    0x00002bea   0x00002bea   0x0000001a   Code   RO          485    i.ADCProcessorTrigger  driverlib.lib(adc.o)
    0x00002c04   0x00002c04   0x00000060   Code   RO          488    i.ADCSequenceConfigure  driverlib.lib(adc.o)
    0x00002c64   0x00002c64   0x00000024   Code   RO          491    i.ADCSequenceDataGet  driverlib.lib(adc.o)
    0x00002c88   0x00002c88   0x0000000e   Code   RO          493    i.ADCSequenceEnable  driverlib.lib(adc.o)
    0x00002c96   0x00002c96   0x0000009a   Code   RO          496    i.ADCSequenceStepConfigure  driverlib.lib(adc.o)
    0x00002d30   0x00002d30   0x00000028   Code   RO          745    i.GPIODirModeSet    driverlib.lib(gpio.o)
    0x00002d58   0x00002d58   0x00000138   Code   RO          757    i.GPIOPadConfigSet  driverlib.lib(gpio.o)
    0x00002e90   0x00002e90   0x00000044   Code   RO          758    i.GPIOPinConfigure  driverlib.lib(gpio.o)
    0x00002ed4   0x00002ed4   0x00000006   Code   RO          759    i.GPIOPinRead       driverlib.lib(gpio.o)
    0x00002eda   0x00002eda   0x0000001c   Code   RO          760    i.GPIOPinTypeADC    driverlib.lib(gpio.o)
    0x00002ef6   0x00002ef6   0x0000001c   Code   RO          768    i.GPIOPinTypeGPIOInput  driverlib.lib(gpio.o)
    0x00002f12   0x00002f12   0x0000001c   Code   RO          772    i.GPIOPinTypeI2C    driverlib.lib(gpio.o)
    0x00002f2e   0x00002f2e   0x0000001c   Code   RO          773    i.GPIOPinTypeI2CSCL  driverlib.lib(gpio.o)
    0x00002f4a   0x00002f4a   0x0000001c   Code   RO          776    i.GPIOPinTypePWM    driverlib.lib(gpio.o)
    0x00002f66   0x00002f66   0x0000001c   Code   RO          779    i.GPIOPinTypeTimer  driverlib.lib(gpio.o)
    0x00002f82   0x00002f82   0x00000202   Code   RO         2323    i.GrCircleDraw      grlib.lib(circle.o)
    0x00003184   0x00003184   0x00000126   Code   RO         2324    i.GrCircleFill      grlib.lib(circle.o)
    0x000032aa   0x000032aa   0x00000006   Code   RO         2391    i.GrContextFontSet  grlib.lib(string.o)
    0x000032b0   0x000032b0   0x00000064   Code   RO         2349    i.GrContextInit     grlib.lib(context.o)
    0x00003314   0x00003314   0x00000118   Code   RO         2392    i.GrDefaultStringRenderer  grlib.lib(string.o)
    0x0000342c   0x0000342c   0x000000a6   Code   RO         2396    i.GrFontGlyphDataGet  grlib.lib(string.o)
    0x000034d2   0x000034d2   0x00000288   Code   RO         2397    i.GrFontGlyphRender  grlib.lib(string.o)
    0x0000375a   0x0000375a   0x0000004c   Code   RO         3427    i.GrLineDrawH       grlib.lib(line.o)
    0x000037a6   0x000037a6   0x00000008   Code   RO         3274    i.GrMapISO8859_1_Unicode  grlib.lib(charmap.o)
    0x000037ae   0x000037ae   0x00000020   Code   RO         2403    i.GrStringDraw      grlib.lib(string.o)
    0x000037ce   0x000037ce   0x00000002   PAD
    0x000037d0   0x000037d0   0x00000060   Code   RO         1052    i.I2CIntRegister    driverlib.lib(i2c.o)
    0x00003830   0x00003830   0x00000004   Code   RO         1056    i.I2CMasterBurstLengthSet  driverlib.lib(i2c.o)
    0x00003834   0x00003834   0x0000000c   Code   RO         1057    i.I2CMasterBusBusy  driverlib.lib(i2c.o)
    0x00003840   0x00003840   0x0000000c   Code   RO         1058    i.I2CMasterBusy     driverlib.lib(i2c.o)
    0x0000384c   0x0000384c   0x00000004   Code   RO         1059    i.I2CMasterControl  driverlib.lib(i2c.o)
    0x00003850   0x00003850   0x00000004   Code   RO         1060    i.I2CMasterDataGet  driverlib.lib(i2c.o)
    0x00003854   0x00003854   0x00000004   Code   RO         1061    i.I2CMasterDataPut  driverlib.lib(i2c.o)
    0x00003858   0x00003858   0x0000000a   Code   RO         1063    i.I2CMasterEnable   driverlib.lib(i2c.o)
    0x00003862   0x00003862   0x00000018   Code   RO         1064    i.I2CMasterErr      driverlib.lib(i2c.o)
    0x0000387a   0x0000387a   0x00000002   PAD
    0x0000387c   0x0000387c   0x00000054   Code   RO         1065    i.I2CMasterGlitchFilterConfigSet  driverlib.lib(i2c.o)
    0x000038d0   0x000038d0   0x00000054   Code   RO         1066    i.I2CMasterInitExpClk  driverlib.lib(i2c.o)
    0x00003924   0x00003924   0x00000008   Code   RO         1067    i.I2CMasterIntClear  driverlib.lib(i2c.o)
    0x0000392c   0x0000392c   0x00000004   Code   RO         1068    i.I2CMasterIntClearEx  driverlib.lib(i2c.o)
    0x00003930   0x00003930   0x00000008   Code   RO         1072    i.I2CMasterIntEnableEx  driverlib.lib(i2c.o)
    0x00003938   0x00003938   0x00000008   Code   RO         1076    i.I2CMasterSlaveAddrSet  driverlib.lib(i2c.o)
    0x00003940   0x00003940   0x00000004   Code   RO         1077    i.I2CMasterTimeoutSet  driverlib.lib(i2c.o)
    0x00003944   0x00003944   0x00000064   Code   RO         1385    i.IntEnable         driverlib.lib(interrupt.o)
    0x000039a8   0x000039a8   0x00000034   Code   RO         1397    i.IntRegister       driverlib.lib(interrupt.o)
    0x000039dc   0x000039dc   0x00000014   Code   RO         1501    i.PWMClockSet       driverlib.lib(pwm.o)
    0x000039f0   0x000039f0   0x00000026   Code   RO         1508    i.PWMGenConfigure   driverlib.lib(pwm.o)
    0x00003a16   0x00003a16   0x0000000a   Code   RO         1509    i.PWMGenDisable     driverlib.lib(pwm.o)
    0x00003a20   0x00003a20   0x0000000a   Code   RO         1510    i.PWMGenEnable      driverlib.lib(pwm.o)
    0x00003a2a   0x00003a2a   0x00000012   Code   RO         1522    i.PWMGenPeriodGet   driverlib.lib(pwm.o)
    0x00003a3c   0x00003a3c   0x00000012   Code   RO         1523    i.PWMGenPeriodSet   driverlib.lib(pwm.o)
    0x00003a4e   0x00003a4e   0x00000010   Code   RO         1529    i.PWMOutputInvert   driverlib.lib(pwm.o)
    0x00003a5e   0x00003a5e   0x00000010   Code   RO         1530    i.PWMOutputState    driverlib.lib(pwm.o)
    0x00003a6e   0x00003a6e   0x00000020   Code   RO         1533    i.PWMPulseWidthSet  driverlib.lib(pwm.o)
    0x00003a8e   0x00003a8e   0x00000002   PAD
    0x00003a90   0x00003a90   0x000002ec   Code   RO         1735    i.SysCtlClockFreqSet  driverlib.lib(sysctl.o)
    0x00003d7c   0x00003d7c   0x00000028   Code   RO         1767    i.SysCtlPeripheralEnable  driverlib.lib(sysctl.o)
    0x00003da4   0x00003da4   0x0000002c   Code   RO         1771    i.SysCtlPeripheralReady  driverlib.lib(sysctl.o)
    0x00003dd0   0x00003dd0   0x0000003c   Code   RO         1772    i.SysCtlPeripheralReset  driverlib.lib(sysctl.o)
    0x00003e0c   0x00003e0c   0x00000006   Code   RO         2084    i.TimerClockSourceSet  driverlib.lib(timer.o)
    0x00003e12   0x00003e12   0x00000002   PAD
    0x00003e14   0x00003e14   0x00000060   Code   RO         2085    i.TimerConfigure    driverlib.lib(timer.o)
    0x00003e74   0x00003e74   0x00000016   Code   RO         2087    i.TimerControlLevel  driverlib.lib(timer.o)
    0x00003e8a   0x00003e8a   0x0000000e   Code   RO         2094    i.TimerEnable       driverlib.lib(timer.o)
    0x00003e98   0x00003e98   0x00000012   Code   RO         2103    i.TimerLoadSet      driverlib.lib(timer.o)
    0x00003eaa   0x00003eaa   0x00000012   Code   RO         2107    i.TimerMatchSet     driverlib.lib(timer.o)
    0x00003ebc   0x00003ebc   0x00000012   Code   RO         2112    i.TimerPrescaleSet  driverlib.lib(timer.o)
    0x00003ece   0x00003ece   0x0000002a   Code   RO         2116    i.TimerUpdateMode   driverlib.lib(timer.o)
    0x00003ef8   0x00003ef8   0x0000006c   Code   RO         2409    i.UpdateContextCharMapping  grlib.lib(string.o)
    0x00003f64   0x00003f64   0x00000046   Code   RO         3803    i._init_box         RTX_CM4.lib(rt_membox.o)
    0x00003faa   0x00003faa   0x00000002   PAD
    0x00003fac   0x00003fac   0x00000030   Code   RO         3856    i.dbg_init          RTX_CM4.lib(hal_cm.o)
    0x00003fdc   0x00003fdc   0x00000020   Code   RO         3857    i.dbg_task_notify   RTX_CM4.lib(hal_cm.o)
    0x00003ffc   0x00003ffc   0x00000010   Code   RO         3858    i.dbg_task_switch   RTX_CM4.lib(hal_cm.o)
    0x0000400c   0x0000400c   0x0000002a   Code   RO         2521    i.isrMessageGet     RTX_CM4.lib(rt_cmsis.o)
    0x00004036   0x00004036   0x0000002c   Code   RO         2522    i.isrMessagePut     RTX_CM4.lib(rt_cmsis.o)
    0x00004062   0x00004062   0x00000002   PAD
    0x00004064   0x00004064   0x00000056   Code   RO         3658    i.isr_mbx_receive   RTX_CM4.lib(rt_mailbox.o)
    0x000040ba   0x000040ba   0x0000000e   Code   RO         3659    i.isr_mbx_send      RTX_CM4.lib(rt_mailbox.o)
    0x000040c8   0x000040c8   0x00000024   Code   RO         2526    i.osKernelInitialize  RTX_CM4.lib(rt_cmsis.o)
    0x000040ec   0x000040ec   0x0000006c   Code   RO         2528    i.osKernelStart     RTX_CM4.lib(rt_cmsis.o)
    0x00004158   0x00004158   0x00000018   Code   RO         2537    i.osMessageGet      RTX_CM4.lib(rt_cmsis.o)
    0x00004170   0x00004170   0x0000002c   Code   RO         2554    i.osThreadCreate    RTX_CM4.lib(rt_cmsis.o)
    0x0000419c   0x0000419c   0x00000018   Code   RO         2555    i.osThreadExit      RTX_CM4.lib(rt_cmsis.o)
    0x000041b4   0x000041b4   0x0000000c   Code   RO         2561    i.osTimerCall       RTX_CM4.lib(rt_cmsis.o)
    0x000041c0   0x000041c0   0x0000002c   Code   RO         2566    i.osTimerThread     RTX_CM4.lib(rt_cmsis.o)
    0x000041ec   0x000041ec   0x00000028   Code   RO         3450    i.os_tick_init      RTX_CM4.lib(rt_system.o)
    0x00004214   0x00004214   0x00000002   Code   RO         3451    i.os_tick_irqack    RTX_CM4.lib(rt_system.o)
    0x00004216   0x00004216   0x0000001a   Code   RO         3804    i.rt_alloc_box      RTX_CM4.lib(rt_membox.o)
    0x00004230   0x00004230   0x0000003e   Code   RO         3832    i.rt_alloc_mem      RTX_CM4.lib(rt_memory.o)
    0x0000426e   0x0000426e   0x00000002   PAD
    0x00004270   0x00004270   0x00000038   Code   RO         3140    i.rt_block          RTX_CM4.lib(rt_task.o)
    0x000042a8   0x000042a8   0x00000048   Code   RO         3781    i.rt_chk_robin      RTX_CM4.lib(rt_robin.o)
    0x000042f0   0x000042f0   0x00000070   Code   RO         3582    i.rt_dec_dly        RTX_CM4.lib(rt_list.o)
    0x00004360   0x00004360   0x00000044   Code   RO         3141    i.rt_dispatch       RTX_CM4.lib(rt_task.o)
    0x000043a4   0x000043a4   0x00000050   Code   RO         3543    i.rt_evt_psh        RTX_CM4.lib(rt_event.o)
    0x000043f4   0x000043f4   0x0000002c   Code   RO         3805    i.rt_free_box       RTX_CM4.lib(rt_membox.o)
    0x00004420   0x00004420   0x00000028   Code   RO         3833    i.rt_free_mem       RTX_CM4.lib(rt_memory.o)
    0x00004448   0x00004448   0x00000028   Code   RO         3583    i.rt_get_first      RTX_CM4.lib(rt_list.o)
    0x00004470   0x00004470   0x00000008   Code   RO         2571    i.rt_id2obj         RTX_CM4.lib(rt_cmsis.o)
    0x00004478   0x00004478   0x00000048   Code   RO         3142    i.rt_init_context   RTX_CM4.lib(rt_task.o)
    0x000044c0   0x000044c0   0x0000001a   Code   RO         3834    i.rt_init_mem       RTX_CM4.lib(rt_memory.o)
    0x000044da   0x000044da   0x00000002   PAD
    0x000044dc   0x000044dc   0x00000018   Code   RO         3782    i.rt_init_robin     RTX_CM4.lib(rt_robin.o)
    0x000044f4   0x000044f4   0x00000080   Code   RO         3859    i.rt_init_stack     RTX_CM4.lib(hal_cm.o)
    0x00004574   0x00004574   0x00000008   Code   RO         3660    i.rt_mbx_check      RTX_CM4.lib(rt_mailbox.o)
    0x0000457c   0x0000457c   0x0000001a   Code   RO         3661    i.rt_mbx_init       RTX_CM4.lib(rt_mailbox.o)
    0x00004596   0x00004596   0x00000002   PAD
    0x00004598   0x00004598   0x000000f0   Code   RO         3662    i.rt_mbx_psh        RTX_CM4.lib(rt_mailbox.o)
    0x00004688   0x00004688   0x000000b4   Code   RO         3664    i.rt_mbx_wait       RTX_CM4.lib(rt_mailbox.o)
    0x0000473c   0x0000473c   0x00000044   Code   RO         2572    i.rt_ms2tick        RTX_CM4.lib(rt_cmsis.o)
    0x00004780   0x00004780   0x00000010   Code   RO         3225    i.rt_mut_init       RTX_CM4.lib(rt_mutex.o)
    0x00004790   0x00004790   0x000000d8   Code   RO         3226    i.rt_mut_release    RTX_CM4.lib(rt_mutex.o)
    0x00004868   0x00004868   0x00000078   Code   RO         3227    i.rt_mut_wait       RTX_CM4.lib(rt_mutex.o)
    0x000048e0   0x000048e0   0x0000007c   Code   RO         3454    i.rt_pop_req        RTX_CM4.lib(rt_system.o)
    0x0000495c   0x0000495c   0x00000020   Code   RO         3455    i.rt_psh_req        RTX_CM4.lib(rt_system.o)
    0x0000497c   0x0000497c   0x0000005c   Code   RO         3585    i.rt_psq_enq        RTX_CM4.lib(rt_list.o)
    0x000049d8   0x000049d8   0x00000048   Code   RO         3586    i.rt_put_dly        RTX_CM4.lib(rt_list.o)
    0x00004a20   0x00004a20   0x00000036   Code   RO         3587    i.rt_put_prio       RTX_CM4.lib(rt_list.o)
    0x00004a56   0x00004a56   0x00000002   PAD
    0x00004a58   0x00004a58   0x00000014   Code   RO         3588    i.rt_put_rdy_first  RTX_CM4.lib(rt_list.o)
    0x00004a6c   0x00004a6c   0x00000034   Code   RO         3589    i.rt_resort_prio    RTX_CM4.lib(rt_list.o)
    0x00004aa0   0x00004aa0   0x00000010   Code   RO         3860    i.rt_ret_regs       RTX_CM4.lib(hal_cm.o)
    0x00004ab0   0x00004ab0   0x0000000c   Code   RO         3861    i.rt_ret_val        RTX_CM4.lib(hal_cm.o)
    0x00004abc   0x00004abc   0x00000010   Code   RO         3862    i.rt_ret_val2       RTX_CM4.lib(hal_cm.o)
    0x00004acc   0x00004acc   0x00000028   Code   RO         3590    i.rt_rmv_dly        RTX_CM4.lib(rt_list.o)
    0x00004af4   0x00004af4   0x00000030   Code   RO         3591    i.rt_rmv_list       RTX_CM4.lib(rt_list.o)
    0x00004b24   0x00004b24   0x00000034   Code   RO         3709    i.rt_sem_psh        RTX_CM4.lib(rt_semaphore.o)
    0x00004b58   0x00004b58   0x00000024   Code   RO         3457    i.rt_stk_check      RTX_CM4.lib(rt_system.o)
    0x00004b7c   0x00004b7c   0x00000028   Code   RO         3143    i.rt_switch_req     RTX_CM4.lib(rt_task.o)
    0x00004ba4   0x00004ba4   0x000000cc   Code   RO         3144    i.rt_sys_init       RTX_CM4.lib(rt_task.o)
    0x00004c70   0x00004c70   0x00000078   Code   RO         3145    i.rt_sys_start      RTX_CM4.lib(rt_task.o)
    0x00004ce8   0x00004ce8   0x00000040   Code   RO         3459    i.rt_systick        RTX_CM4.lib(rt_system.o)
    0x00004d28   0x00004d28   0x00000012   Code   RO         2573    i.rt_tid2ptcb       RTX_CM4.lib(rt_cmsis.o)
    0x00004d3a   0x00004d3a   0x00000002   PAD
    0x00004d3c   0x00004d3c   0x00000034   Code   RO         2574    i.rt_timer_insert   RTX_CM4.lib(rt_cmsis.o)
    0x00004d70   0x00004d70   0x00000088   Code   RO         3146    i.rt_tsk_create     RTX_CM4.lib(rt_task.o)
    0x00004df8   0x00004df8   0x0000017c   Code   RO         3147    i.rt_tsk_delete     RTX_CM4.lib(rt_task.o)
    0x00004f74   0x00004f74   0x0000007c   Code   RO         3149    i.rt_tsk_prio       RTX_CM4.lib(rt_task.o)
    0x00004ff0   0x00004ff0   0x00000010   Code   RO         3150    i.rt_tsk_self       RTX_CM4.lib(rt_task.o)
    0x00005000   0x00005000   0x00000070   Code   RO         2577    i.svcKernelInitialize  RTX_CM4.lib(rt_cmsis.o)
    0x00005070   0x00005070   0x00000048   Code   RO         2579    i.svcKernelStart    RTX_CM4.lib(rt_cmsis.o)
    0x000050b8   0x000050b8   0x00000024   Code   RO         2582    i.svcMessageCreate  RTX_CM4.lib(rt_cmsis.o)
    0x000050dc   0x000050dc   0x0000003a   Code   RO         2583    i.svcMessageGet     RTX_CM4.lib(rt_cmsis.o)
    0x00005116   0x00005116   0x00000002   PAD
    0x00005118   0x00005118   0x0000006c   Code   RO         2597    i.svcThreadCreate   RTX_CM4.lib(rt_cmsis.o)
    0x00005184   0x00005184   0x0000001c   Code   RO         2598    i.svcThreadGetId    RTX_CM4.lib(rt_cmsis.o)
    0x000051a0   0x000051a0   0x00000038   Code   RO         2601    i.svcThreadTerminate  RTX_CM4.lib(rt_cmsis.o)
    0x000051d8   0x000051d8   0x00000018   Code   RO         2603    i.svcTimerCall      RTX_CM4.lib(rt_cmsis.o)
    0x000051f0   0x000051f0   0x0000005c   Code   RO         2612    i.sysTimerTick      RTX_CM4.lib(rt_cmsis.o)
    0x0000524c   0x0000524c   0x00000062   Code   RO         3937    x$fpl$d2f           fz_wm.l(d2f.o)
    0x000052ae   0x000052ae   0x00000002   PAD
    0x000052b0   0x000052b0   0x000002b0   Code   RO         3940    x$fpl$ddiv          fz_wm.l(ddiv.o)
    0x00005560   0x00005560   0x0000005a   Code   RO         3943    x$fpl$dfixu         fz_wm.l(dfixu.o)
    0x000055ba   0x000055ba   0x0000002e   Code   RO         3948    x$fpl$dflt          fz_wm.l(dflt_clz.o)
    0x000055e8   0x000055e8   0x00000026   Code   RO         3947    x$fpl$dfltu         fz_wm.l(dflt_clz.o)
    0x0000560e   0x0000560e   0x00000002   PAD
    0x00005610   0x00005610   0x00000154   Code   RO         3953    x$fpl$dmul          fz_wm.l(dmul.o)
    0x00005764   0x00005764   0x0000009c   Code   RO         3966    x$fpl$dnaninf       fz_wm.l(dnaninf.o)
    0x00005800   0x00005800   0x0000000c   Code   RO         3968    x$fpl$dretinf       fz_wm.l(dretinf.o)
    0x0000580c   0x0000580c   0x0000008c   Code   RO         3970    x$fpl$fnaninf       fz_wm.l(fnaninf.o)
    0x00005898   0x00005898   0x0000000a   Code   RO         4091    x$fpl$fpinit        fz_wm.l(fpinit.o)
    0x000058a2   0x000058a2   0x0000000a   Code   RO         3972    x$fpl$fretinf       fz_wm.l(fretinf.o)
    0x000058ac   0x000058ac   0x00000086   Code   RO         3955    x$fpl$llsfromf      fz_wm.l(ffixll.o)
    0x00005932   0x00005932   0x00000000   Code   RO         3974    x$fpl$usenofp       fz_wm.l(usenofp.o)
    0x00005932   0x00005932   0x00000002   PAD
    0x00005934   0x00005934   0x00000028   Data   RO          191    .constdata          cfaf128x128x16.o
    0x0000595c   0x0000595c   0x00000010   Data   RO          219    .constdata          led.o
    0x0000596c   0x0000596c   0x00000002   Data   RO          380    .constdata          rtx_conf_cm.o
    0x0000596e   0x0000596e   0x00000002   PAD
    0x00005970   0x00005970   0x00000004   Data   RO          381    .constdata          rtx_conf_cm.o
    0x00005974   0x00005974   0x00000004   Data   RO          382    .constdata          rtx_conf_cm.o
    0x00005978   0x00005978   0x00000004   Data   RO          386    .constdata          rtx_conf_cm.o
    0x0000597c   0x0000597c   0x00000001   Data   RO          387    .constdata          rtx_conf_cm.o
    0x0000597d   0x0000597d   0x00000003   PAD
    0x00005980   0x00005980   0x00000010   Data   RO          388    .constdata          rtx_conf_cm.o
    0x00005990   0x00005990   0x00000002   Data   RO          389    .constdata          rtx_conf_cm.o
    0x00005992   0x00005992   0x00000002   PAD
    0x00005994   0x00005994   0x00000004   Data   RO          390    .constdata          rtx_conf_cm.o
    0x00005998   0x00005998   0x00000004   Data   RO          391    .constdata          rtx_conf_cm.o
    0x0000599c   0x0000599c   0x00000001   Data   RO          392    .constdata          rtx_conf_cm.o
    0x0000599d   0x0000599d   0x00000003   PAD
    0x000059a0   0x000059a0   0x00000010   Data   RO          393    .constdata          rtx_conf_cm.o
    0x000059b0   0x000059b0   0x00000008   Data   RO          394    .constdata          rtx_conf_cm.o
    0x000059b8   0x000059b8   0x00000002   Data   RO          395    .constdata          rtx_conf_cm.o
    0x000059ba   0x000059ba   0x00000002   PAD
    0x000059bc   0x000059bc   0x00000010   Data   RO          396    .constdata          rtx_conf_cm.o
    0x000059cc   0x000059cc   0x00000228   Data   RO          789    .constdata          driverlib.lib(gpio.o)
    0x00005bf4   0x00005bf4   0x00000080   Data   RO         1101    .constdata          driverlib.lib(i2c.o)
    0x00005c74   0x00005c74   0x0000010c   Data   RO         1401    .constdata          driverlib.lib(interrupt.o)
    0x00005d80   0x00005d80   0x00000254   Data   RO         1789    .constdata          driverlib.lib(sysctl.o)
    0x00005fd4   0x00005fd4   0x00000010   Data   RO         2351    .constdata          grlib.lib(context.o)
    0x00005fe4   0x00005fe4   0x000002f8   Data   RO         2376    .constdata          grlib.lib(fontfixed6x8.o)
    0x000062dc   0x000062dc   0x000000c8   Data   RO         2377    .constdata          grlib.lib(fontfixed6x8.o)
    0x000063a4   0x000063a4   0x00000025   Data   RO            6    .conststring        exemplotiva.o
    0x000063c9   0x000063c9   0x00000003   PAD
    0x000063cc   0x000063cc   0x00000020   Data   RO         4125    Region$$Table       anon$$obj.o


    Execution Region RW_IRAM1 (Exec base: 0x20000000, Load base: 0x000063ec, Size: 0x00002d00, Max: 0x00040000, ABSOLUTE, COMPRESSED[0x00000018])

    Exec Addr    Load Addr    Size         Type   Attr      Idx    E Section Name        Object

    0x20000000   COMPRESSED   0x00000008   Data   RW            7    .data               exemplotiva.o
    0x20000008   COMPRESSED   0x0000000c   Data   RW          108    .data               buzzer.o
    0x20000014   COMPRESSED   0x00000008   Data   RW          192    .data               cfaf128x128x16.o
    0x2000001c   COMPRESSED   0x0000000c   Data   RW          258    .data               opt.o
    0x20000028   COMPRESSED   0x00000008   Data   RW          287    .data               rgb.o
    0x20000030   COMPRESSED   0x00000008   Data   RW          301    .data               servo.o
    0x20000038   COMPRESSED   0x0000000c   Data   RW          330    .data               temp.o
    0x20000044   COMPRESSED   0x00000004   Data   RW          398    .data               rtx_conf_cm.o
    0x20000048   COMPRESSED   0x00000004   Data   RW          399    .data               rtx_conf_cm.o
    0x2000004c   COMPRESSED   0x00000004   Data   RW          400    .data               rtx_conf_cm.o
    0x20000050   COMPRESSED   0x00000004   Data   RW          401    .data               rtx_conf_cm.o
    0x20000054   COMPRESSED   0x00000004   Data   RW          436    .data               system_tm4c129.o
    0x20000058   COMPRESSED   0x00000004   Data   RW         2352    .data               grlib.lib(context.o)
    0x2000005c   COMPRESSED   0x00000008   Data   RW         2615    .data               RTX_CM4.lib(rt_cmsis.o)
    0x20000064   COMPRESSED   0x00000008   Data   RW         3152    .data               RTX_CM4.lib(rt_task.o)
    0x2000006c   COMPRESSED   0x00000008   Data   RW         3462    .data               RTX_CM4.lib(rt_system.o)
    0x20000074   COMPRESSED   0x00000004   Data   RW         3752    .data               RTX_CM4.lib(rt_time.o)
    0x20000078   COMPRESSED   0x00000008   Data   RW         3783    .data               RTX_CM4.lib(rt_robin.o)
    0x20000080   COMPRESSED   0x00000001   Data   RW         3863    .data               RTX_CM4.lib(hal_cm.o)
    0x20000081   COMPRESSED   0x0000037f   PAD
    0x20000400   COMPRESSED   0x0000026c   Data   RW         1402    vtable              driverlib.lib(interrupt.o)
    0x2000066c        -       0x0000002c   Zero   RW            5    .bss                exemplotiva.o
    0x20000698        -       0x00000020   Zero   RW          373    .bss                rtx_conf_cm.o
    0x200006b8        -       0x000001e0   Zero   RW          374    .bss                rtx_conf_cm.o
    0x20000898        -       0x00001910   Zero   RW          375    .bss                rtx_conf_cm.o
    0x200021a8        -       0x00000408   Zero   RW          376    .bss                rtx_conf_cm.o
    0x200025b0        -       0x00000084   Zero   RW          377    .bss                rtx_conf_cm.o
    0x20002634        -       0x00000024   Zero   RW          378    .bss                rtx_conf_cm.o
    0x20002658        -       0x000003e0   Zero   RW          379    .bss                rtx_conf_cm.o
    0x20002a38        -       0x00000034   Zero   RW         3151    .bss                RTX_CM4.lib(rt_task.o)
    0x20002a6c        -       0x00000030   Zero   RW         3592    .bss                RTX_CM4.lib(rt_list.o)
    0x20002a9c        -       0x00000060   Zero   RW         3925    .bss                c_w.l(libspace.o)
    0x20002afc   COMPRESSED   0x00000004   PAD
    0x20002b00        -       0x00000000   Zero   RW          426    HEAP                startup_tm4c129.o
    0x20002b00        -       0x00000200   Zero   RW          425    STACK               startup_tm4c129.o


==============================================================================

Image component sizes


      Code (inc. data)   RO Data    RW Data    ZI Data      Debug   Object Name

       164         18          0          0          0       1152   accel.o
        92         10          0          0          0        872   buttons.o
       340         36          0         12          0       2289   buzzer.o
      1788         94         40          8          0      10702   cfaf128x128x16.o
      2552        152         37          8         44      35660   exemplotiva.o
       208         22          0          0          0       1233   joy.o
       284         34         16          0          0       1751   led.o
       148         18          0          0          0        912   mic.o
      1392         74          0         12          0       5165   opt.o
       596         42          0          8          0       1901   rgb.o
       168         36         84         16       9120       8937   rtx_conf_cm.o
       228         38          0          8          0        933   servo.o
       300         22        512          0        512       6032   startup_tm4c129.o
        40         14          0          4          0        885   system_tm4c129.o
      1316         62          0         12          0       5004   temp.o

    ----------------------------------------------------------------------
      9616        672        736         88       9676      83428   Object Totals
         0          0         32          0          0          0   (incl. Generated)
         0          0         15          0          0          0   (incl. Padding)

    ----------------------------------------------------------------------

      Code (inc. data)   RO Data    RW Data    ZI Data      Debug   Library Member Name

       268         24          0          1          0       4524   hal_cm.o
       408         34          0          0          0        824   hal_cm4.o
      1110        138          0          8          0      34453   rt_cmsis.o
        80          4          0          0          0        709   rt_event.o
       530         34          0          0         48       8685   rt_list.o
       554         10          0          0          0       4237   rt_mailbox.o
       140          0          0          0          0       2069   rt_membox.o
       128          0          0          0          0       2451   rt_memory.o
       352         14          0          0          0       2249   rt_mutex.o
        96         22          0          8          0       1254   rt_robin.o
        52          4          0          0          0        621   rt_semaphore.o
       298         52          0          8          0       6511   rt_system.o
      1216        174          0          8         52      10129   rt_task.o
         0          0          0          4          0        214   rt_time.o
         4          4          0          0          0        208   svc_table.o
        58          0          0          0          0          0   __dczerorl.o
         8          0          0          0          0         68   __main.o
         0          0          0          0          0          0   __rtentry.o
        20          0          0          0          0          0   __rtentry2.o
         6          0          0          0          0          0   __rtentry4.o
        52          8          0          0          0          0   __scatter.o
        28          0          0          0          0          0   __scatter_zi.o
        18          0          0          0          0         80   exit.o
         6          0          0          0          0        152   heapauxi.o
         0          0          0          0          0          0   indicate_semi.o
         2          0          0          0          0          0   libinit.o
         6          0          0          0          0          0   libinit2.o
         2          0          0          0          0          0   libshutdown.o
         2          0          0          0          0          0   libshutdown2.o
         8          4          0          0         96         68   libspace.o
        72          0          0          0          0         76   llsdiv.o
       238          0          0          0          0        100   lludivv7m.o
         2          0          0          0          0          0   rtexit.o
        10          0          0          0          0          0   rtexit2.o
        12          4          0          0          0         68   sys_exit.o
        74          0          0          0          0         80   sys_stackheap_outer.o
         2          0          0          0          0         68   use_no_semi.o
       388          0          0          0          0       8694   adc.o
       594          8        552          0          0       7550   gpio.o
       370         38        128          0          0      10349   i2c.o
       152         16        268        620          0       2298   interrupt.o
       178          0          0          0          0       5153   pwm.o
       898         54        596          0          0       6458   sysctl.o
       234          8          0          0          0       4761   timer.o
        98          4          0          0          0        140   d2f.o
       688        140          0          0          0        256   ddiv.o
        90          4          0          0          0        140   dfixu.o
        84          0          0          0          0        232   dflt_clz.o
       340         12          0          0          0        152   dmul.o
       156          4          0          0          0        140   dnaninf.o
        12          0          0          0          0        116   dretinf.o
       134          4          0          0          0        132   ffixll.o
       140          4          0          0          0        132   fnaninf.o
        10          0          0          0          0        116   fpinit.o
        10          0          0          0          0        116   fretinf.o
         0          0          0          0          0          0   usenofp.o
         8          0          0          0          0       1494   charmap.o
       808          0          0          0          0      28562   circle.o
       100         12         16          4          0       1387   context.o
         0          0        960          0          0      25662   fontfixed6x8.o
        76          0          0          0          0       1522   line.o
      1240          0          0          0          0       9079   string.o

    ----------------------------------------------------------------------
     12708        838       2520       1556        200     194539   Library Totals
        38          0          0        895          4          0   (incl. Padding)

    ----------------------------------------------------------------------

      Code (inc. data)   RO Data    RW Data    ZI Data      Debug   Library Name

      5236        514          0         37        100      79138   RTX_CM4.lib
       626         16          0          0         96        760   c_w.l
      2814        124       1544        620          0      45263   driverlib.lib
      1762        172          0          0          0       1672   fz_wm.l
      2232         12        976          4          0      67706   grlib.lib

    ----------------------------------------------------------------------
     12708        838       2520       1556        200     194539   Library Totals

    ----------------------------------------------------------------------

==============================================================================


      Code (inc. data)   RO Data    RW Data    ZI Data      Debug   

     22324       1510       3256       1644       9876     261407   Grand Totals
     22324       1510       3256         24       9876     261407   ELF Image Totals (compressed)
     22324       1510       3256         24          0          0   ROM Totals

==============================================================================

    Total RO  Size (Code + RO Data)                25580 (  24.98kB)
    Total RW  Size (RW Data + ZI Data)             11520 (  11.25kB)
    Total ROM Size (Code + RO Data + RW Data)      25604 (  25.00kB)

==============================================================================

