<html>
<body>
<pre>
<h1>µVision Build Log</h1>
<h2>Tool Versions:</h2>
IDE-Version: µVision V5.25.2.0
Copyright (C) 2018 ARM Ltd and ARM Germany GmbH. All rights reserved.
License Information: Marlon Prudente, UTFPR, LIC=V85II-T7VTQ-5BHEB-2MJIV-X0RQU-MHN40
 
Tool Versions:
Toolchain:       MDK-ARM Professional  Version: 5.25.2.0
Toolchain Path:  C:\Keil_v5\ARM\ARMCC\Bin
C Compiler:      Armcc.exe V5.06 update 6 (build 750)
Assembler:       Armasm.exe V5.06 update 6 (build 750)
Linker/Locator:  ArmLink.exe V5.06 update 6 (build 750)
Library Manager: ArmAr.exe V5.06 update 6 (build 750)
Hex Converter:   FromElf.exe V5.06 update 6 (build 750)
CPU DLL:         SARMCM3.DLL V5.25.2.0
Dialog DLL:      DCM.DLL V1.17.1.0
Target DLL:      lmidk-agdi.dll V???
Dialog DLL:      TCM.DLL V1.35.1.0
 
<h2>Project:</h2>
C:\Users\Marlon\Documents\Sistemas_Embarcados\SE_TM4C1294XL_BoosterPackMKII\Lab5\ProjectFiles\base_project.uvprojx
Project File Date:  12/05/2018

<h2>Output:</h2>
*** Using Compiler 'V5.06 update 6 (build 750)', folder: 'C:\Keil_v5\ARM\ARMCC\Bin'
Rebuild Project 'base_project' - Target 'TM4C129 Flash'
compiling exemploTIVA.c...
C:\Users\Marlon\Documents\Sistemas_Embarcados\SE_TM4C1294XL_BoosterPackMKII\Lab5\ProjectFiles\servo.h(35): warning:  #1295-D: Deprecated declaration servo_init - give arg types
  extern void servo_init();
C:\Users\Marlon\Documents\Sistemas_Embarcados\SE_TM4C1294XL_BoosterPackMKII\Lab5\ProjectFiles\temp.h(23): warning:  #1-D: last line of file ends without a newline
  #endif //__TEMP_H__
C:\Users\Marlon\Documents\Sistemas_Embarcados\SE_TM4C1294XL_BoosterPackMKII\Lab5\ProjectFiles\opt.h(20): warning:  #1295-D: Deprecated declaration opt_init - give arg types
  extern void  opt_init();
C:\Users\Marlon\Documents\Sistemas_Embarcados\SE_TM4C1294XL_BoosterPackMKII\Lab5\ProjectFiles\opt.h(21): warning:  #1295-D: Deprecated declaration opt_read - give arg types
  extern uint16_t opt_read();
C:\Users\Marlon\Documents\Sistemas_Embarcados\SE_TM4C1294XL_BoosterPackMKII\Lab5\ProjectFiles\opt.h(22): warning:  #1295-D: Deprecated declaration opt_read_lux - give arg types
  extern uint32_t opt_read_lux();
C:\Users\Marlon\Documents\Sistemas_Embarcados\SE_TM4C1294XL_BoosterPackMKII\Lab5\ProjectFiles\opt.h(24): warning:  #1-D: last line of file ends without a newline
  #endif //__OPT_H__
C:\Users\Marlon\Documents\Sistemas_Embarcados\SE_TM4C1294XL_BoosterPackMKII\Lab5\ProjectFiles\buttons.h(5): warning:  #1295-D: Deprecated declaration button_init - give arg types
  extern void button_init();
C:\Users\Marlon\Documents\Sistemas_Embarcados\SE_TM4C1294XL_BoosterPackMKII\Lab5\ProjectFiles\buttons.h(6): warning:  #1295-D: Deprecated declaration button_read_s1 - give arg types
  extern bool button_read_s1();
C:\Users\Marlon\Documents\Sistemas_Embarcados\SE_TM4C1294XL_BoosterPackMKII\Lab5\ProjectFiles\buttons.h(7): warning:  #1295-D: Deprecated declaration button_read_s2 - give arg types
  extern bool button_read_s2();
C:\Users\Marlon\Documents\Sistemas_Embarcados\SE_TM4C1294XL_BoosterPackMKII\Lab5\ProjectFiles\buttons.h(9): warning:  #1-D: last line of file ends without a newline
  #endif //__BUTTONS_H
C:\Users\Marlon\Documents\Sistemas_Embarcados\SE_TM4C1294XL_BoosterPackMKII\Lab5\ProjectFiles\buzzer.h(18): warning:  #1295-D: Deprecated declaration buzzer_init - give arg types
  extern void buzzer_init();
C:\Users\Marlon\Documents\Sistemas_Embarcados\SE_TM4C1294XL_BoosterPackMKII\Lab5\ProjectFiles\buzzer.h(23): warning:  #1-D: last line of file ends without a newline
  #endif //__BUZZER_H
C:\Users\Marlon\Documents\Sistemas_Embarcados\SE_TM4C1294XL_BoosterPackMKII\Lab5\ProjectFiles\joy.h(20): warning:  #1295-D: Deprecated declaration joy_read_center - give arg types
  extern bool joy_read_center();
C:\Users\Marlon\Documents\Sistemas_Embarcados\SE_TM4C1294XL_BoosterPackMKII\Lab5\ProjectFiles\mic.h(23): warning:  #1-D: last line of file ends without a newline
  #endif //__MIC_H__
C:\Users\Marlon\Documents\Sistemas_Embarcados\SE_TM4C1294XL_BoosterPackMKII\Lab5\driverlib\uart.h(4): warning:  #1295-D: Deprecated declaration init_UART - give arg types
  extern void init_UART();
C:\Users\Marlon\Documents\Sistemas_Embarcados\SE_TM4C1294XL_BoosterPackMKII\Lab5\driverlib\uart.h(10): warning:  #1-D: last line of file ends without a newline
  #endif
C:\Users\Marlon\Documents\Sistemas_Embarcados\SE_TM4C1294XL_BoosterPackMKII\Lab5\ProjectFiles\PWM.h(6): warning:  #1295-D: Deprecated declaration init_PWM - give arg types
  extern void init_PWM();
C:\Users\Marlon\Documents\Sistemas_Embarcados\SE_TM4C1294XL_BoosterPackMKII\Lab5\ProjectFiles\PWM.h(14): warning:  #1295-D: Deprecated declaration Duty20 - give arg types
  extern void Duty20();
C:\Users\Marlon\Documents\Sistemas_Embarcados\SE_TM4C1294XL_BoosterPackMKII\Lab5\ProjectFiles\PWM.h(15): warning:  #1295-D: Deprecated declaration Duty40 - give arg types
  extern void Duty40();
C:\Users\Marlon\Documents\Sistemas_Embarcados\SE_TM4C1294XL_BoosterPackMKII\Lab5\ProjectFiles\PWM.h(16): warning:  #1295-D: Deprecated declaration Duty60 - give arg types
  extern void Duty60();
C:\Users\Marlon\Documents\Sistemas_Embarcados\SE_TM4C1294XL_BoosterPackMKII\Lab5\ProjectFiles\PWM.h(17): warning:  #1295-D: Deprecated declaration Duty80 - give arg types
  extern void Duty80();
C:\Users\Marlon\Documents\Sistemas_Embarcados\SE_TM4C1294XL_BoosterPackMKII\Lab5\ProjectFiles\PWM.h(20): warning:  #1-D: last line of file ends without a newline
  #endif
C:\Users\Marlon\Documents\Sistemas_Embarcados\SE_TM4C1294XL_BoosterPackMKII\Lab5\ProjectFiles\UART_CONSOLE_F.h(5): warning:  #1295-D: Deprecated declaration pag_ini_uart - give arg types
  extern void pag_ini_uart();
C:\Users\Marlon\Documents\Sistemas_Embarcados\SE_TM4C1294XL_BoosterPackMKII\Lab5\ProjectFiles\UART_CONSOLE_F.h(8): warning:  #1-D: last line of file ends without a newline
  #endif  //__UART_CONSOLE_F_H__
C:\Users\Marlon\Documents\Sistemas_Embarcados\SE_TM4C1294XL_BoosterPackMKII\Lab5\ProjectFiles\ondas.h(9): warning:  #1-D: last line of file ends without a newline
  #endif
C:\Users\Marlon\Documents\Sistemas_Embarcados\SE_TM4C1294XL_BoosterPackMKII\Lab5\ProjectFiles\exemploTIVA.c(381): warning:  #175-D: subscript out of range
                osSignalWait(threads[4].signal,osWaitForever);
C:\Users\Marlon\Documents\Sistemas_Embarcados\SE_TM4C1294XL_BoosterPackMKII\Lab5\ProjectFiles\exemploTIVA.c(382): warning:  #175-D: subscript out of range
                threads[4].status = RUNNING;
C:\Users\Marlon\Documents\Sistemas_Embarcados\SE_TM4C1294XL_BoosterPackMKII\Lab5\ProjectFiles\exemploTIVA.c(383): warning:  #175-D: subscript out of range
                threads[4].prioridadeTemp = threads[4].prioridadeOrig;
C:\Users\Marlon\Documents\Sistemas_Embarcados\SE_TM4C1294XL_BoosterPackMKII\Lab5\ProjectFiles\exemploTIVA.c(383): warning:  #175-D: subscript out of range
                threads[4].prioridadeTemp = threads[4].prioridadeOrig;
C:\Users\Marlon\Documents\Sistemas_Embarcados\SE_TM4C1294XL_BoosterPackMKII\Lab5\ProjectFiles\exemploTIVA.c(402): warning:  #175-D: subscript out of range
                        threads[4].status = READY;
C:\Users\Marlon\Documents\Sistemas_Embarcados\SE_TM4C1294XL_BoosterPackMKII\Lab5\ProjectFiles\exemploTIVA.c(496): warning:  #550-D: variable "evt"  was set but never used
        osEvent evt;
C:\Users\Marlon\Documents\Sistemas_Embarcados\SE_TM4C1294XL_BoosterPackMKII\Lab5\ProjectFiles\exemploTIVA.c(510): warning:  #177-D: variable "value"  was declared but never referenced
        uint32_t value;
C:\Users\Marlon\Documents\Sistemas_Embarcados\SE_TM4C1294XL_BoosterPackMKII\Lab5\ProjectFiles\exemploTIVA.c(511): warning:  #177-D: variable "status"  was declared but never referenced
        osStatus status;
C:\Users\Marlon\Documents\Sistemas_Embarcados\SE_TM4C1294XL_BoosterPackMKII\Lab5\ProjectFiles\exemploTIVA.c(543): warning:  #144-D: a value of type "void (*)()" cannot be used to initialize an entity of type "os_pthread"
  }osThreadDef(manipulacao,osPriorityNormal,1,0);
C:\Users\Marlon\Documents\Sistemas_Embarcados\SE_TM4C1294XL_BoosterPackMKII\Lab5\ProjectFiles\exemploTIVA.c(604): warning:  #177-D: variable "status"  was declared but never referenced
        osStatus status;
C:\Users\Marlon\Documents\Sistemas_Embarcados\SE_TM4C1294XL_BoosterPackMKII\Lab5\ProjectFiles\exemploTIVA.c(605): warning:  #550-D: variable "stime"  was set but never used
        uint32_t stime;
C:\Users\Marlon\Documents\Sistemas_Embarcados\SE_TM4C1294XL_BoosterPackMKII\Lab5\ProjectFiles\exemploTIVA.c(698): warning:  #175-D: subscript out of range
        threads[4].id = osThreadCreate(osThread(fibonacci_thread), NULL);
C:\Users\Marlon\Documents\Sistemas_Embarcados\SE_TM4C1294XL_BoosterPackMKII\Lab5\ProjectFiles\exemploTIVA.c(699): warning:  #175-D: subscript out of range
        threads[4].prioridadeOrig = threads[4].prioridadeTemp = 0;
C:\Users\Marlon\Documents\Sistemas_Embarcados\SE_TM4C1294XL_BoosterPackMKII\Lab5\ProjectFiles\exemploTIVA.c(699): warning:  #175-D: subscript out of range
        threads[4].prioridadeOrig = threads[4].prioridadeTemp = 0;
C:\Users\Marlon\Documents\Sistemas_Embarcados\SE_TM4C1294XL_BoosterPackMKII\Lab5\ProjectFiles\exemploTIVA.c(700): warning:  #175-D: subscript out of range
        threads[4].deadline = osKernelSysTickMicroSec(260);
C:\Users\Marlon\Documents\Sistemas_Embarcados\SE_TM4C1294XL_BoosterPackMKII\Lab5\ProjectFiles\exemploTIVA.c(701): warning:  #175-D: subscript out of range
        threads[4].ticks = osKernelSysTickMicroSec(260);
C:\Users\Marlon\Documents\Sistemas_Embarcados\SE_TM4C1294XL_BoosterPackMKII\Lab5\ProjectFiles\exemploTIVA.c(702): warning:  #175-D: subscript out of range
        threads[4].signal = 0x04;
C:\Users\Marlon\Documents\Sistemas_Embarcados\SE_TM4C1294XL_BoosterPackMKII\Lab5\ProjectFiles\exemploTIVA.c(703): warning:  #175-D: subscript out of range
        threads[4].status = READY;
C:\Users\Marlon\Documents\Sistemas_Embarcados\SE_TM4C1294XL_BoosterPackMKII\Lab5\ProjectFiles\exemploTIVA.c(733): warning:  #175-D: subscript out of range
                        intToString(threads[4].status,buffer,32,10,0);
C:\Users\Marlon\Documents\Sistemas_Embarcados\SE_TM4C1294XL_BoosterPackMKII\Lab5\ProjectFiles\exemploTIVA.c(741): warning:  #1-D: last line of file ends without a newline
  }
C:\Users\Marlon\Documents\Sistemas_Embarcados\SE_TM4C1294XL_BoosterPackMKII\Lab5\ProjectFiles\exemploTIVA.c(644): warning:  #550-D: variable "aux"  was set but never used
        uint8_t aux;
exemploTIVA.c: 46 warnings, 0 errors
compiling UART_CONSOLE_F.c...
C:\Users\Marlon\Documents\Sistemas_Embarcados\SE_TM4C1294XL_BoosterPackMKII\Lab5\driverlib\uart.h(4): warning:  #1295-D: Deprecated declaration init_UART - give arg types
  extern void init_UART();
C:\Users\Marlon\Documents\Sistemas_Embarcados\SE_TM4C1294XL_BoosterPackMKII\Lab5\driverlib\uart.h(10): warning:  #1-D: last line of file ends without a newline
  #endif
C:\Users\Marlon\Documents\Sistemas_Embarcados\SE_TM4C1294XL_BoosterPackMKII\Lab5\ProjectFiles\UART_CONSOLE_F.h(5): warning:  #1295-D: Deprecated declaration pag_ini_uart - give arg types
  extern void pag_ini_uart();
C:\Users\Marlon\Documents\Sistemas_Embarcados\SE_TM4C1294XL_BoosterPackMKII\Lab5\ProjectFiles\UART_CONSOLE_F.h(8): warning:  #1-D: last line of file ends without a newline
  #endif  //__UART_CONSOLE_F_H__
C:\Users\Marlon\Documents\Sistemas_Embarcados\SE_TM4C1294XL_BoosterPackMKII\Lab5\ProjectFiles\UART_CONSOLE_F.c(16): warning:  #1-D: last line of file ends without a newline
  }
UART_CONSOLE_F.c: 5 warnings, 0 errors
compiling accel.c...
C:\Users\Marlon\Documents\Sistemas_Embarcados\SE_TM4C1294XL_BoosterPackMKII\Lab5\ProjectFiles\accel.c(89): warning:  #1-D: last line of file ends without a newline
  }
accel.c: 1 warning, 0 errors
compiling buzzer.c...
C:\Users\Marlon\Documents\Sistemas_Embarcados\SE_TM4C1294XL_BoosterPackMKII\Lab5\ProjectFiles\buzzer.h(18): warning:  #1295-D: Deprecated declaration buzzer_init - give arg types
  extern void buzzer_init();
C:\Users\Marlon\Documents\Sistemas_Embarcados\SE_TM4C1294XL_BoosterPackMKII\Lab5\ProjectFiles\buzzer.h(23): warning:  #1-D: last line of file ends without a newline
  #endif //__BUZZER_H
C:\Users\Marlon\Documents\Sistemas_Embarcados\SE_TM4C1294XL_BoosterPackMKII\Lab5\ProjectFiles\buzzer.c(162): warning:  #1-D: last line of file ends without a newline
  }
C:\Users\Marlon\Documents\Sistemas_Embarcados\SE_TM4C1294XL_BoosterPackMKII\Lab5\ProjectFiles\buzzer.c(31): warning:  #550-D: variable "g_ui32SysClock"  was set but never used
  static uint32_t g_ui32SysClock;
C:\Users\Marlon\Documents\Sistemas_Embarcados\SE_TM4C1294XL_BoosterPackMKII\Lab5\ProjectFiles\buzzer.c(33): warning:  #550-D: variable "g_current_per"  was set but never used
  static uint16_t g_current_per;
buzzer.c: 5 warnings, 0 errors
compiling buttons.c...
C:\Users\Marlon\Documents\Sistemas_Embarcados\SE_TM4C1294XL_BoosterPackMKII\Lab5\ProjectFiles\buttons.h(5): warning:  #1295-D: Deprecated declaration button_init - give arg types
  extern void button_init();
C:\Users\Marlon\Documents\Sistemas_Embarcados\SE_TM4C1294XL_BoosterPackMKII\Lab5\ProjectFiles\buttons.h(6): warning:  #1295-D: Deprecated declaration button_read_s1 - give arg types
  extern bool button_read_s1();
C:\Users\Marlon\Documents\Sistemas_Embarcados\SE_TM4C1294XL_BoosterPackMKII\Lab5\ProjectFiles\buttons.h(7): warning:  #1295-D: Deprecated declaration button_read_s2 - give arg types
  extern bool button_read_s2();
C:\Users\Marlon\Documents\Sistemas_Embarcados\SE_TM4C1294XL_BoosterPackMKII\Lab5\ProjectFiles\buttons.h(9): warning:  #1-D: last line of file ends without a newline
  #endif //__BUTTONS_H
buttons.c: 4 warnings, 0 errors
compiling cfaf128x128x16.c...
C:\Users\Marlon\Documents\Sistemas_Embarcados\SE_TM4C1294XL_BoosterPackMKII\Lab5\ProjectFiles\cfaf128x128x16.c(880): warning:  #1-D: last line of file ends without a newline
  //*****************************************************************************
C:\Users\Marlon\Documents\Sistemas_Embarcados\SE_TM4C1294XL_BoosterPackMKII\Lab5\ProjectFiles\cfaf128x128x16.c(770): warning:  #177-D: function "ssiSetDataMode"  was declared but never referenced
  ssiSetDataMode(uint8_t mode) {
C:\Users\Marlon\Documents\Sistemas_Embarcados\SE_TM4C1294XL_BoosterPackMKII\Lab5\ProjectFiles\cfaf128x128x16.c(777): warning:  #177-D: function "ssiSetClockDivider"  was declared but never referenced
  ssiSetClockDivider(uint8_t divider){
cfaf128x128x16.c: 3 warnings, 0 errors
compiling led.c...
compiling mic.c...
C:\Users\Marlon\Documents\Sistemas_Embarcados\SE_TM4C1294XL_BoosterPackMKII\Lab5\ProjectFiles\mic.h(23): warning:  #1-D: last line of file ends without a newline
  #endif //__MIC_H__
C:\Users\Marlon\Documents\Sistemas_Embarcados\SE_TM4C1294XL_BoosterPackMKII\Lab5\ProjectFiles\mic.c(91): warning:  #1-D: last line of file ends without a newline
  }
mic.c: 2 warnings, 0 errors
compiling opt.c...
C:\Users\Marlon\Documents\Sistemas_Embarcados\SE_TM4C1294XL_BoosterPackMKII\Lab5\ProjectFiles\opt.h(20): warning:  #1295-D: Deprecated declaration opt_init - give arg types
  extern void  opt_init();
C:\Users\Marlon\Documents\Sistemas_Embarcados\SE_TM4C1294XL_BoosterPackMKII\Lab5\ProjectFiles\opt.h(21): warning:  #1295-D: Deprecated declaration opt_read - give arg types
  extern uint16_t opt_read();
C:\Users\Marlon\Documents\Sistemas_Embarcados\SE_TM4C1294XL_BoosterPackMKII\Lab5\ProjectFiles\opt.h(22): warning:  #1295-D: Deprecated declaration opt_read_lux - give arg types
  extern uint32_t opt_read_lux();
C:\Users\Marlon\Documents\Sistemas_Embarcados\SE_TM4C1294XL_BoosterPackMKII\Lab5\ProjectFiles\opt.h(24): warning:  #1-D: last line of file ends without a newline
  #endif //__OPT_H__
C:\Users\Marlon\Documents\Sistemas_Embarcados\SE_TM4C1294XL_BoosterPackMKII\Lab5\ProjectFiles\opt.c(149): warning:  #128-D: loop is not reachable
                while(i < n){
C:\Users\Marlon\Documents\Sistemas_Embarcados\SE_TM4C1294XL_BoosterPackMKII\Lab5\ProjectFiles\opt.c(195): warning:  #128-D: loop is not reachable
                while(i < n-1){
C:\Users\Marlon\Documents\Sistemas_Embarcados\SE_TM4C1294XL_BoosterPackMKII\Lab5\ProjectFiles\opt.c(330): warning:  #177-D: variable "temp"  was declared but never referenced
                uint64_t temp = 0;
C:\Users\Marlon\Documents\Sistemas_Embarcados\SE_TM4C1294XL_BoosterPackMKII\Lab5\ProjectFiles\opt.c(60): warning:  #550-D: variable "mid"  was set but never used
  static uint16_t mid, did;
C:\Users\Marlon\Documents\Sistemas_Embarcados\SE_TM4C1294XL_BoosterPackMKII\Lab5\ProjectFiles\opt.c(60): warning:  #550-D: variable "did"  was set but never used
  static uint16_t mid, did;
C:\Users\Marlon\Documents\Sistemas_Embarcados\SE_TM4C1294XL_BoosterPackMKII\Lab5\ProjectFiles\opt.c(86): warning:  #177-D: variable "g_mid"  was declared but never referenced
  static uint16_t g_mid, g_did, g_timeout_count;
C:\Users\Marlon\Documents\Sistemas_Embarcados\SE_TM4C1294XL_BoosterPackMKII\Lab5\ProjectFiles\opt.c(86): warning:  #177-D: variable "g_did"  was declared but never referenced
  static uint16_t g_mid, g_did, g_timeout_count;
opt.c: 11 warnings, 0 errors
compiling rgb.c...
C:\Users\Marlon\Documents\Sistemas_Embarcados\SE_TM4C1294XL_BoosterPackMKII\Lab5\ProjectFiles\rgb.h(66): warning:  #1-D: last line of file ends without a newline
  #endif //__RGB_H__
C:\Users\Marlon\Documents\Sistemas_Embarcados\SE_TM4C1294XL_BoosterPackMKII\Lab5\ProjectFiles\rgb.c(290): warning:  #1-D: last line of file ends without a newline
  }
rgb.c: 2 warnings, 0 errors
compiling servo.c...
C:\Users\Marlon\Documents\Sistemas_Embarcados\SE_TM4C1294XL_BoosterPackMKII\Lab5\ProjectFiles\servo.h(35): warning:  #1295-D: Deprecated declaration servo_init - give arg types
  extern void servo_init();
C:\Users\Marlon\Documents\Sistemas_Embarcados\SE_TM4C1294XL_BoosterPackMKII\Lab5\ProjectFiles\servo.c(83): warning:  #550-D: variable "duty_cycle"  was set but never used
        uint32_t duty_cycle;    
C:\Users\Marlon\Documents\Sistemas_Embarcados\SE_TM4C1294XL_BoosterPackMKII\Lab5\ProjectFiles\servo.c(59): warning:  #550-D: variable "g_ui32SysClock"  was set but never used
  static uint32_t g_ui32SysClock;
servo.c: 3 warnings, 0 errors
compiling joy.c...
C:\Users\Marlon\Documents\Sistemas_Embarcados\SE_TM4C1294XL_BoosterPackMKII\Lab5\ProjectFiles\joy.h(20): warning:  #1295-D: Deprecated declaration joy_read_center - give arg types
  extern bool joy_read_center();
C:\Users\Marlon\Documents\Sistemas_Embarcados\SE_TM4C1294XL_BoosterPackMKII\Lab5\ProjectFiles\joy.c(102): warning:  #1-D: last line of file ends without a newline
  }
joy.c: 2 warnings, 0 errors
compiling temp.c...
C:\Users\Marlon\Documents\Sistemas_Embarcados\SE_TM4C1294XL_BoosterPackMKII\Lab5\ProjectFiles\temp.h(23): warning:  #1-D: last line of file ends without a newline
  #endif //__TEMP_H__
C:\Users\Marlon\Documents\Sistemas_Embarcados\SE_TM4C1294XL_BoosterPackMKII\Lab5\ProjectFiles\temp.c(158): warning:  #128-D: loop is not reachable
                while(i < n){
C:\Users\Marlon\Documents\Sistemas_Embarcados\SE_TM4C1294XL_BoosterPackMKII\Lab5\ProjectFiles\temp.c(207): warning:  #128-D: loop is not reachable
                while(i < n-1){
C:\Users\Marlon\Documents\Sistemas_Embarcados\SE_TM4C1294XL_BoosterPackMKII\Lab5\ProjectFiles\temp.c(303): warning:  #177-D: variable "temp"  was declared but never referenced
        uint64_t temp = 0;
C:\Users\Marlon\Documents\Sistemas_Embarcados\SE_TM4C1294XL_BoosterPackMKII\Lab5\ProjectFiles\temp.c(94): warning:  #550-D: variable "g_mid"  was set but never used
  static uint16_t g_mid, g_did, g_timeout_count;
C:\Users\Marlon\Documents\Sistemas_Embarcados\SE_TM4C1294XL_BoosterPackMKII\Lab5\ProjectFiles\temp.c(94): warning:  #550-D: variable "g_did"  was set but never used
  static uint16_t g_mid, g_did, g_timeout_count;
temp.c: 6 warnings, 0 errors
compiling UART.c...
C:\Users\Marlon\Documents\Sistemas_Embarcados\SE_TM4C1294XL_BoosterPackMKII\Lab5\driverlib\uart.h(4): warning:  #1295-D: Deprecated declaration init_UART - give arg types
  extern void init_UART();
C:\Users\Marlon\Documents\Sistemas_Embarcados\SE_TM4C1294XL_BoosterPackMKII\Lab5\driverlib\uart.h(10): warning:  #1-D: last line of file ends without a newline
  #endif
C:\Users\Marlon\Documents\Sistemas_Embarcados\SE_TM4C1294XL_BoosterPackMKII\Lab5\ProjectFiles\UART.c(45): warning:  #1-D: last line of file ends without a newline
  }
UART.c: 3 warnings, 0 errors
compiling PWM.c...
C:\Users\Marlon\Documents\Sistemas_Embarcados\SE_TM4C1294XL_BoosterPackMKII\Lab5\ProjectFiles\PWM.h(6): warning:  #1295-D: Deprecated declaration init_PWM - give arg types
  extern void init_PWM();
C:\Users\Marlon\Documents\Sistemas_Embarcados\SE_TM4C1294XL_BoosterPackMKII\Lab5\ProjectFiles\PWM.h(14): warning:  #1295-D: Deprecated declaration Duty20 - give arg types
  extern void Duty20();
C:\Users\Marlon\Documents\Sistemas_Embarcados\SE_TM4C1294XL_BoosterPackMKII\Lab5\ProjectFiles\PWM.h(15): warning:  #1295-D: Deprecated declaration Duty40 - give arg types
  extern void Duty40();
C:\Users\Marlon\Documents\Sistemas_Embarcados\SE_TM4C1294XL_BoosterPackMKII\Lab5\ProjectFiles\PWM.h(16): warning:  #1295-D: Deprecated declaration Duty60 - give arg types
  extern void Duty60();
C:\Users\Marlon\Documents\Sistemas_Embarcados\SE_TM4C1294XL_BoosterPackMKII\Lab5\ProjectFiles\PWM.h(17): warning:  #1295-D: Deprecated declaration Duty80 - give arg types
  extern void Duty80();
C:\Users\Marlon\Documents\Sistemas_Embarcados\SE_TM4C1294XL_BoosterPackMKII\Lab5\ProjectFiles\PWM.h(20): warning:  #1-D: last line of file ends without a newline
  #endif
C:\Users\Marlon\Documents\Sistemas_Embarcados\SE_TM4C1294XL_BoosterPackMKII\Lab5\ProjectFiles\PWM.c(95): warning:  #69-D: integer conversion resulted in truncation
        match = 120000;
C:\Users\Marlon\Documents\Sistemas_Embarcados\SE_TM4C1294XL_BoosterPackMKII\Lab5\ProjectFiles\PWM.c(131): warning:  #1-D: last line of file ends without a newline
  }
C:\Users\Marlon\Documents\Sistemas_Embarcados\SE_TM4C1294XL_BoosterPackMKII\Lab5\ProjectFiles\PWM.c(21): warning:  #550-D: variable "g_ui32SysClock"  was set but never used
  static uint32_t g_ui32SysClock;
PWM.c: 9 warnings, 0 errors
compiling ondas.c...
C:\Users\Marlon\Documents\Sistemas_Embarcados\SE_TM4C1294XL_BoosterPackMKII\Lab5\ProjectFiles\ondas.h(9): warning:  #1-D: last line of file ends without a newline
  #endif
ondas.c: 1 warning, 0 errors
compiling RTX_Conf_CM.c...
assembling startup_TM4C129.s...
compiling system_TM4C129.c...
C:\Users\Marlon\Documents\Sistemas_Embarcados\SE_TM4C1294XL_BoosterPackMKII\Lab5\ProjectFiles\RTE\Device\TM4C1294NCPDT\system_TM4C129.c(41): warning:  #161-D: unrecognized #pragma
  #pragma call_graph_root ="interrupt"
RTE\Device\TM4C1294NCPDT\system_TM4C129.c: 1 warning, 0 errors
linking...
Program Size: Code=17564 RO-data=2952 RW-data=176 ZI-data=10184  
".\Flash\base_project.axf" - 0 Error(s), 104 Warning(s).

<h2>Software Packages used:</h2>

Package Vendor: ARM
                http://www.keil.com/pack/ARM.CMSIS.5.3.0.pack
                ARM.CMSIS.5.3.0
                CMSIS (Cortex Microcontroller Software Interface Standard)
   * Component: RTOS Version: 1.0.0
   * Component: CORE Version: 5.1.1
   * Component: Keil RTX Version: 4.81.1

Package Vendor: Keil
                http://www.keil.com/pack/Keil.TM4C_DFP.1.1.0.pack
                Keil.TM4C_DFP.1.1.0
                Texas Instruments Tiva C Series Device Support and Examples
   * Component: Startup Version: 1.0.0

<h2>Collection of Component include folders:</h2>
  .\RTE\_TM4C129_Flash
  C:\Keil_v5\ARM\PACK\ARM\CMSIS\5.3.0\CMSIS\Include
  C:\Keil_v5\ARM\PACK\ARM\CMSIS\5.3.0\CMSIS\RTOS\RTX\INC
  C:\Keil_v5\ARM\PACK\Keil\TM4C_DFP\1.1.0\Device\Include\TM4C129

<h2>Collection of Component Files used:</h2>

   * Component: ::CMSIS:RTOS:1.0.0 (API)

   * Component: ARM::CMSIS:CORE:5.1.1

   * Component: ARM::CMSIS:RTOS:Keil RTX:4.81.1
      Include file:  CMSIS\RTOS\RTX\INC\cmsis_os.h
      Source file:   CMSIS\RTOS\RTX\UserCodeTemplates\Timer.c
      Source file:   CMSIS\RTOS\RTX\SRC\ARM\SVC_Table.s
      Source file:   CMSIS\RTOS\RTX\UserCodeTemplates\MsgQueue.c
      Source file:   CMSIS\RTOS\RTX\UserCodeTemplates\main.c
      Source file:   CMSIS\RTOS\RTX\UserCodeTemplates\MailQueue.c
      Source file:   CMSIS\RTOS\RTX\UserCodeTemplates\MemPool.c
      Source file:   CMSIS\RTOS\RTX\Templates\RTX_Conf_CM.c
      Include file:  CMSIS\RTOS\RTX\UserCodeTemplates\osObjects.h
      Source file:   CMSIS\RTOS\RTX\UserCodeTemplates\Mutex.c
      Source file:   CMSIS\RTOS\RTX\UserCodeTemplates\Semaphore.c
      Source file:   CMSIS\RTOS\RTX\UserCodeTemplates\Thread.c
      Library file:  CMSIS\RTOS\RTX\LIB\ARM\RTX_CM4.lib

   * Component: Keil::Device:Startup:1.0.0
      Source file:   Device\Source\ARM\startup_TM4C129.s
      Source file:   Device\Source\system_TM4C129.c
      Include file:  Device\Include\TM4C129\TM4C129.h
Build Time Elapsed:  00:00:06
</pre>
</body>
</html>
